PZS005_RUN_ID=RUN-1788225756526-1297408
◇ injected env (0) from .env // tip: ◈ encrypted .env [www.dotenvx.com]
◇ injected env (0) from .env // tip: ⌘ multiple files { path: ['.env.local', '.env'] }
◇ injected env (0) from .env // tip: ⌘ override existing { override: true }
◇ injected env (0) from .env // tip: ⌘ override existing { override: true }
[19:22:53.497] [32mINFO[39m (1300074): [36mAPI Mounted[39m
    [35mpath[39m: "/api"
[19:22:53.506] [32mINFO[39m (1300074): [36mRealtime runtime ready[39m
    [35mpath[39m: "/socket.io"
[19:22:53.500] [32mINFO[39m (1300074): [36mApp Mounted[39m
    [35mpath[39m: "/app"
[19:22:53.500] [32mINFO[39m (1300074): [36mSite Mounted[39m
    [35mpath[39m: "/"
[19:22:53.507] [32mINFO[39m (1300074): [36mGateway server ready[39m
    [35mhost[39m: "localhost"
    [35mport[39m: 8080
◇ injected env (0) from .env // tip: ⌘ custom filepath { path: '/custom/path/.env' }
[19:22:53.751] [32mINFO[39m (1300142): [36mWorker runtime ready[39m
[0mPOST /api/test/auth/session [32m200[0m 28.130 ms - 109[0m
[0mPOST /api/projects [32m201[0m 10.834 ms - 370[0m
[0mPOST /api/sync/9cb65fd2-3fd3-4dc8-b3a6-08be183d8365/devices [32m200[0m 17.628 ms - 326[0m
[0mPOST /api/sync/9cb65fd2-3fd3-4dc8-b3a6-08be183d8365/devices/device-5b615626-21bc-46d6-9398-a4588e9f1a69/approval [32m200[0m 31.196 ms - 173[0m
[0mPOST /api/sync/9cb65fd2-3fd3-4dc8-b3a6-08be183d8365/devices/device-5b615626-21bc-46d6-9398-a4588e9f1a69/enroll [32m200[0m 58.227 ms - 758[0m
[0mPOST /api/sync/9cb65fd2-3fd3-4dc8-b3a6-08be183d8365/devices [32m200[0m 13.259 ms - 328[0m
[0mPOST /api/sync/9cb65fd2-3fd3-4dc8-b3a6-08be183d8365/devices/device-04b8380c-0d9d-4621-97ed-dd8b86e26394/enroll [32m200[0m 31.303 ms - 734[0m
[0mPOST /api/test/auth/session [32m200[0m 36.386 ms - 109[0m
[0mPOST /api/projects [32m201[0m 26.322 ms - 370[0m
[0mPOST /api/sync/d6149ca1-c99d-400d-b1a7-e43d1069451f/devices [32m200[0m 16.794 ms - 326[0m
[0mPOST /api/sync/d6149ca1-c99d-400d-b1a7-e43d1069451f/devices/device-a175760e-444b-4c2e-a471-db6de696f08d/approval [32m200[0m 9.941 ms - 173[0m
[0mPOST /api/sync/d6149ca1-c99d-400d-b1a7-e43d1069451f/devices/device-a175760e-444b-4c2e-a471-db6de696f08d/enroll [32m200[0m 28.081 ms - 758[0m
[0mPOST /api/sync/d6149ca1-c99d-400d-b1a7-e43d1069451f/devices [32m200[0m 16.764 ms - 328[0m
[0mPOST /api/sync/d6149ca1-c99d-400d-b1a7-e43d1069451f/devices/device-9afae016-8c16-49ba-bcde-6a3bfd3ef508/enroll [32m200[0m 40.101 ms - 734[0m
[0mPOST /api/sync/9cb65fd2-3fd3-4dc8-b3a6-08be183d8365/envelopes [32m201[0m 62.166 ms - 546[0m
[0mPOST /api/sync/9cb65fd2-3fd3-4dc8-b3a6-08be183d8365/envelopes [32m200[0m 50.038 ms - 545[0m
[ error ] API request failed { code: [32m'opaque_envelope_rejected'[39m, statusCode: [33m409[39m }
[0mPOST /api/sync/9cb65fd2-3fd3-4dc8-b3a6-08be183d8365/envelopes [33m409[0m 23.423 ms - 84[0m
[0mGET /api/sync/9cb65fd2-3fd3-4dc8-b3a6-08be183d8365/envelopes?deviceId=device-04b8380c-0d9d-4621-97ed-dd8b86e26394&enrollmentVersion=2 [32m200[0m 32.949 ms - 546[0m
[0mPOST /api/projects [32m201[0m 7.376 ms - 388[0m
[ error ] API request failed { code: [32m'device_lifecycle_rejected'[39m, statusCode: [33m409[39m }
[0mGET /api/sync/b825af92-6d8a-43d3-a72a-8b9dd696a72e/envelopes?deviceId=device-04b8380c-0d9d-4621-97ed-dd8b86e26394&enrollmentVersion=2 [33m409[0m 7.386 ms - 90[0m
[ error ] API request failed { code: [32m'workspace_not_found'[39m, statusCode: [33m404[39m }
[0mGET /api/sync/d6149ca1-c99d-400d-b1a7-e43d1069451f/envelopes?deviceId=device-04b8380c-0d9d-4621-97ed-dd8b86e26394&enrollmentVersion=2 [33m404[0m 2.622 ms - 76[0m
[0mPOST /api/sync/9cb65fd2-3fd3-4dc8-b3a6-08be183d8365/devices [32m200[0m 10.430 ms - 310[0m
[0mPOST /api/sync/9cb65fd2-3fd3-4dc8-b3a6-08be183d8365/devices/device-41a5e20e-9925-477f-b4f0-1733966936ae/revoke [32m200[0m 16.680 ms - 114[0m
[ error ] API request failed { code: [32m'device_lifecycle_rejected'[39m, statusCode: [33m409[39m }
[0mGET /api/sync/9cb65fd2-3fd3-4dc8-b3a6-08be183d8365/envelopes?deviceId=device-41a5e20e-9925-477f-b4f0-1733966936ae&enrollmentVersion=1 [33m409[0m 11.476 ms - 90[0m
[0mPOST /api/sync/9cb65fd2-3fd3-4dc8-b3a6-08be183d8365/devices [32m200[0m 15.958 ms - 316[0m
[ error ] API request failed { code: [32m'device_lifecycle_rejected'[39m, statusCode: [33m409[39m }
[0mGET /api/sync/9cb65fd2-3fd3-4dc8-b3a6-08be183d8365/envelopes?deviceId=device-69f97e3c-632c-4a9d-8def-40ab902521f0&enrollmentVersion=1 [33m409[0m 9.956 ms - 90[0m
[ error ] API request failed { code: [32m'invalid_request'[39m, statusCode: [33m400[39m }
[0mPOST /api/sync/9cb65fd2-3fd3-4dc8-b3a6-08be183d8365/envelopes [33m400[0m 3.908 ms - 236[0m
[ error ] API request failed { code: [32m'invalid_request'[39m, statusCode: [33m400[39m }
[0mPOST /api/sync/9cb65fd2-3fd3-4dc8-b3a6-08be183d8365/envelopes [33m400[0m 0.518 ms - 267[0m
[ error ] API request failed { code: [32m'invalid_request'[39m, statusCode: [33m400[39m }
[0mPOST /api/sync/9cb65fd2-3fd3-4dc8-b3a6-08be183d8365/envelopes [33m400[0m 1.606 ms - 177[0m
[ error ] API request failed { code: [32m'opaque_envelope_rejected'[39m, statusCode: [33m409[39m }
[0mPOST /api/sync/9cb65fd2-3fd3-4dc8-b3a6-08be183d8365/envelopes [33m409[0m 19.964 ms - 84[0m
[ error ] API request failed { code: [32m'opaque_envelope_rejected'[39m, statusCode: [33m409[39m }
[0mPOST /api/sync/9cb65fd2-3fd3-4dc8-b3a6-08be183d8365/envelopes [33m409[0m 50.775 ms - 84[0m
[0mPOST /api/sync/9cb65fd2-3fd3-4dc8-b3a6-08be183d8365/envelopes [32m201[0m 52.673 ms - 530[0m
[ error ] API request failed { code: [32m'opaque_envelope_rejected'[39m, statusCode: [33m409[39m }
[0mPOST /api/sync/9cb65fd2-3fd3-4dc8-b3a6-08be183d8365/envelopes [33m409[0m 16.577 ms - 84[0m
[0mPOST /api/sync/9cb65fd2-3fd3-4dc8-b3a6-08be183d8365/checkpoints [32m201[0m 38.445 ms - 571[0m
[ error ] API request failed { code: [32m'checkpoint_rejected'[39m, statusCode: [33m409[39m }
[0mPOST /api/sync/9cb65fd2-3fd3-4dc8-b3a6-08be183d8365/checkpoints [33m409[0m 20.745 ms - 71[0m
[0mGET /api/sync/9cb65fd2-3fd3-4dc8-b3a6-08be183d8365/recovery?checkpointId=checkpoint-1&deviceId=device-04b8380c-0d9d-4621-97ed-dd8b86e26394&enrollmentVersion=2&afterCursor=0&limit=10 [32m200[0m 28.878 ms - 1080[0m
[ error ] API request failed { code: [32m'recovery_chain_unavailable'[39m, statusCode: [33m409[39m }
[0mGET /api/sync/9cb65fd2-3fd3-4dc8-b3a6-08be183d8365/recovery?checkpointId=missing&deviceId=device-04b8380c-0d9d-4621-97ed-dd8b86e26394&enrollmentVersion=2 [33m409[0m 23.728 ms - 92[0m
[ error ] API request failed { code: [32m'cursor_recovery_required'[39m, statusCode: [33m409[39m }
[0mGET /api/sync/9cb65fd2-3fd3-4dc8-b3a6-08be183d8365/envelopes?afterCursor=0&deviceId=device-04b8380c-0d9d-4621-97ed-dd8b86e26394&enrollmentVersion=2 [33m409[0m 15.651 ms - 96[0m
[0mPOST /api/sync/9cb65fd2-3fd3-4dc8-b3a6-08be183d8365/envelopes [32m201[0m 51.715 ms - 536[0m
[ error ] API request failed { code: [32m'opaque_envelope_rejected'[39m, statusCode: [33m409[39m }
[0mPOST /api/sync/9cb65fd2-3fd3-4dc8-b3a6-08be183d8365/envelopes [33m409[0m 18.678 ms - 84[0m
[0mGET /api/sync/9cb65fd2-3fd3-4dc8-b3a6-08be183d8365/envelopes?afterCursor=1&deviceId=device-04b8380c-0d9d-4621-97ed-dd8b86e26394&enrollmentVersion=2 [32m200[0m 18.883 ms - 1009[0m
[0mGET /api/sync/9cb65fd2-3fd3-4dc8-b3a6-08be183d8365/devices [32m200[0m 10.923 ms - 1229[0m
[0mGET /api/openapi.json [32m200[0m 9.315 ms - 131286[0m
