◇ injected env (0) from .env // tip: ⌘ multiple files { path: ['.env.local', '.env'] }
◇ injected env (0) from .env // tip: ⌘ suppress logs { quiet: true }
◇ injected env (0) from .env // tip: ⌘ custom filepath { path: '/custom/path/.env' }
◇ injected env (0) from .env // tip: ⌘ multiple files { path: ['.env.local', '.env'] }
[12:47:01.831] [32mINFO[39m (3028853): [36mAPI Mounted[39m
    [35mpath[39m: "/api"
[12:47:01.831] [32mINFO[39m (3028853): [36mRealtime runtime ready[39m
    [35mpath[39m: "/socket.io"
◇ injected env (0) from .env // tip: ⌘ enable debugging { debug: true }
[12:47:01.831] [32mINFO[39m (3028853): [36mApp Mounted[39m
    [35mpath[39m: "/app"
[12:47:01.831] [32mINFO[39m (3028853): [36mSite Mounted[39m
    [35mpath[39m: "/"
[12:47:01.831] [32mINFO[39m (3028853): [36mGateway server ready[39m
    [35mhost[39m: "localhost"
    [35mport[39m: 8080
[0mDELETE /api/test/mailbox [32m204[0m 2.022 ms - -[0m
[0mPOST /api/auth/sign-up [32m201[0m 124.844 ms - 205[0m
[0mGET /api/test/mailbox/latest?email=pzs005-run-260-mtbvk290%40example.test&purpose=sign_up [32m200[0m 1.656 ms - 211[0m
[0mPOST /api/auth/sign-up/verify [32m200[0m 66.471 ms - 272[0m
[0mGET /api/auth/session [32m200[0m 0.894 ms - 307[0m
[0mPOST /api/projects [32m201[0m 9.496 ms - 388[0m
[0mPOST /api/sync/97dff093-274a-4a29-825f-e381951da21e/devices [32m200[0m 7.861 ms - 397[0m
[0mPOST /api/sync/97dff093-274a-4a29-825f-e381951da21e/devices/device-I9mBGblpc13sKCZR/approval [32m200[0m 5.969 ms - 153[0m
[0mPOST /api/sync/97dff093-274a-4a29-825f-e381951da21e/devices/device-I9mBGblpc13sKCZR/enroll [32m200[0m 8.462 ms - 603[0m
[0mPOST /api/sync/97dff093-274a-4a29-825f-e381951da21e/devices [32m200[0m 6.832 ms - 403[0m
[0mPOST /api/sync/97dff093-274a-4a29-825f-e381951da21e/devices/device-MApPY1d27kiNO0az/enroll [32m200[0m 7.099 ms - 597[0m
[0mPOST /api/webauthn/97dff093-274a-4a29-825f-e381951da21e/recovery [32m201[0m 7.600 ms - 171[0m
[0mPOST /api/webauthn/97dff093-274a-4a29-825f-e381951da21e/credentials [32m201[0m 5.421 ms - 260[0m
[0mPOST /api/auth/sign-up [32m201[0m 107.760 ms - 217[0m
[0mGET /api/test/mailbox/latest?email=openapi-passkey-unverified-mtbvk290%40example.test&purpose=sign_up [32m200[0m 1.027 ms - 223[0m
[0mPOST /api/auth/sign-up/verify [32m200[0m 72.654 ms - 284[0m
[0mGET /api/auth/session [32m200[0m 0.668 ms - 319[0m
[0mPOST /api/auth/sign-up [32m201[0m 99.922 ms - 217[0m
[0mPOST /api/sync/97dff093-274a-4a29-825f-e381951da21e/devices [32m200[0m 3.812 ms - 315[0m
[0mPOST /api/sync/97dff093-274a-4a29-825f-e381951da21e/devices/device-E0kf2vvhem5B9cCS/enroll [32m200[0m 4.614 ms - 606[0m
[0mGET /api/projects/97dff093-274a-4a29-825f-e381951da21e/workspace [32m200[0m 3.547 ms - 1949[0m
[ error ] API request failed { code: [32m'authentication_required'[39m, statusCode: [33m401[39m }
[0mGET /api/projects/97dff093-274a-4a29-825f-e381951da21e/workspace [33m401[0m 2.557 ms - 79[0m
[ error ] API request failed { code: [32m'project_not_found'[39m, statusCode: [33m404[39m }
[0mGET /api/projects/97dff093-274a-4a29-825f-e381951da21e/workspace [33m404[0m 2.503 ms - 72[0m
[ error ] API request failed { code: [32m'unauthorized'[39m, statusCode: [33m401[39m }
[0mGET /api/projects/97dff093-274a-4a29-825f-e381951da21e/workspace [33m401[0m 0.737 ms - 66[0m
[ error ] API request failed { code: [32m'operational_workspace_unavailable'[39m, statusCode: [33m503[39m }
[0mGET /api/projects/97dff093-274a-4a29-825f-e381951da21e/workspace [31m503[0m 0.551 ms - 99[0m
[ error ] API request failed { code: [32m'operational_workspace_error'[39m, statusCode: [33m500[39m }
[0mGET /api/projects/97dff093-274a-4a29-825f-e381951da21e/workspace [31m500[0m 0.715 ms - 85[0m
[0mGET /api/projects/97dff093-274a-4a29-825f-e381951da21e/workspace [31m502[0m 0.396 ms - 8[0m
[0mGET /api/projects/97dff093-274a-4a29-825f-e381951da21e/workspace [32m200[0m 2.684 ms - 3310[0m
[0mGET /api/projects/97dff093-274a-4a29-825f-e381951da21e/workspace [32m200[0m 2.446 ms - 1589[0m
[0mGET /api/projects/97dff093-274a-4a29-825f-e381951da21e/workspace [32m200[0m 2.713 ms - 1949[0m
[0mGET /api/projects/97dff093-274a-4a29-825f-e381951da21e/workspace [32m200[0m 2.132 ms - 2029[0m
[0mGET /api/projects/97dff093-274a-4a29-825f-e381951da21e/workspace [32m200[0m 2.511 ms - 1933[0m
[0mGET /api/projects/97dff093-274a-4a29-825f-e381951da21e/workspace [32m200[0m 1.828 ms - 1933[0m
[0mGET /api/projects/97dff093-274a-4a29-825f-e381951da21e/workspace [32m200[0m 2.213 ms - 2020[0m
[0mGET /api/projects/97dff093-274a-4a29-825f-e381951da21e/workspace [32m200[0m 2.218 ms - 2020[0m
[0mGET /api/capabilities/97dff093-274a-4a29-825f-e381951da21e [32m200[0m 4.013 ms - 454[0m
[0mGET /api/sync/97dff093-274a-4a29-825f-e381951da21e/envelopes?deviceId=device-E0kf2vvhem5B9cCS&enrollmentVersion=3 [32m200[0m 5.026 ms - 58[0m
[0mPOST /api/capabilities/97dff093-274a-4a29-825f-e381951da21e [32m200[0m 6.258 ms - 256[0m
[0mPOST /api/capabilities/97dff093-274a-4a29-825f-e381951da21e [32m200[0m 5.366 ms - 262[0m
[0mPOST /api/sync/97dff093-274a-4a29-825f-e381951da21e/envelopes [32m201[0m 4.572 ms - 481[0m
[0mPOST /api/auth/passkey/registration/begin [32m200[0m 9.747 ms - 747[0m
[0mPOST /api/auth/passkey/registration/begin [32m200[0m 100.024 ms - 824[0m
[0mPOST /api/auth/passkey/registration/complete [32m201[0m 19.350 ms - 252[0m
[ error ] API request failed { code: [32m'email_unverified'[39m, statusCode: [33m403[39m }
[0mPOST /api/auth/passkey/authentication/begin [33m403[0m 2.660 ms - 88[0m
[0mGET /api/test/mailbox/latest?email=openapi-passkey-pending-mtbvk2vp%40example.test&purpose=sign_up [32m200[0m 0.346 ms - 220[0m
[0mPOST /api/auth/sign-up/verify [32m200[0m 66.646 ms - 281[0m
[0mPOST /api/auth/passkey/registration/begin [32m200[0m 4.659 ms - 747[0m
[ error ] API request failed { code: [32m'email_unverified'[39m, statusCode: [33m403[39m }
[0mPOST /api/auth/passkey/registration/begin [33m403[0m 2.449 ms - 88[0m
[ error ] API request failed { code: [32m'pin_required'[39m, statusCode: [33m403[39m }
[0mPOST /api/auth/passkey/registration/begin [33m403[0m 2.425 ms - 91[0m
[ error ] API request failed { code: [32m'email_unverified'[39m, statusCode: [33m403[39m }
[0mPOST /api/auth/passkey/authentication/begin [33m403[0m 2.305 ms - 88[0m
[ error ] API request failed { code: [32m'pin_required'[39m, statusCode: [33m403[39m }
[0mPOST /api/auth/passkey/authentication/begin [33m403[0m 2.820 ms - 91[0m
[0mPOST /api/auth/passkey/registration/begin [32m200[0m 8.440 ms - 747[0m
[ error ] API request failed { code: [32m'challenge_mismatch'[39m, statusCode: [33m400[39m }
[0mPOST /api/auth/passkey/registration/complete [33m400[0m 0.618 ms - 86[0m
[0mPOST /api/auth/passkey/registration/begin [32m200[0m 6.012 ms - 747[0m
[ error ] API request failed { code: [32m'challenge_mismatch'[39m, statusCode: [33m400[39m }
[0mPOST /api/auth/passkey/registration/complete [33m400[0m 8.414 ms - 86[0m
[0mPOST /api/auth/passkey/registration/begin [32m200[0m 5.661 ms - 747[0m
[0mPOST /api/auth/passkey/registration/complete [32m201[0m 8.856 ms - 245[0m
[0mPOST /api/auth/passkey/authentication/begin [32m200[0m 5.793 ms - 392[0m
[0mPOST /api/auth/passkey/authentication/complete [32m200[0m 18.523 ms - 360[0m
[0mPOST /api/auth/passkey/authentication/begin [32m200[0m 7.654 ms - 392[0m
[12:41:11.038] [32mINFO[39m (3030015): [36mWorker runtime ready[39m
[ error ] API request failed { code: [32m'challenge_replayed'[39m, statusCode: [33m409[39m }
[0mPOST /api/auth/passkey/authentication/complete [33m409[0m 9.681 ms - 86[0m
[0mPOST /api/auth/passkey/authentication/begin [32m200[0m 7.811 ms - 392[0m
[ error ] API request failed { code: [32m'platform_error'[39m, statusCode: [33m401[39m }
[0mPOST /api/auth/passkey/authentication/complete [33m401[0m 4.639 ms - 82[0m
[0mPOST /api/auth/passkey/authentication/begin [32m200[0m 4.915 ms - 392[0m
[ error ] API request failed { code: [32m'platform_error'[39m, statusCode: [33m401[39m }
[0mPOST /api/auth/passkey/authentication/complete [33m401[0m 3.361 ms - 82[0m
[ error ] API request failed { code: [32m'credential_not_found'[39m, statusCode: [33m404[39m }
[0mPOST /api/auth/passkey/authentication/begin [33m404[0m 1.594 ms - 88[0m
[ error ] API request failed { code: [32m'credential_not_found'[39m, statusCode: [33m404[39m }
[0mPOST /api/auth/passkey/authentication/begin [33m404[0m 5.027 ms - 88[0m
[0mPOST /api/auth/passkey/registration/begin [32m200[0m 4.271 ms - 759[0m
[0mPOST /api/auth/passkey/registration/complete [32m201[0m 6.584 ms - 243[0m
[0mPOST /api/auth/passkey/authentication/begin [32m200[0m 4.504 ms - 392[0m
[ error ] API request failed { code: [32m'credential_not_found'[39m, statusCode: [33m401[39m }
[0mPOST /api/auth/passkey/authentication/complete [33m401[0m 2.737 ms - 88[0m
[0mGET /api/auth/passkey/credentials [32m200[0m 2.441 ms - 261[0m
[ error ] API request failed { code: [32m'credential_not_found'[39m, statusCode: [33m404[39m }
[0mPATCH /api/auth/passkey/credentials/undefined [33m404[0m 3.278 ms - 88[0m
[ error ] API request failed { code: [32m'credential_not_found'[39m, statusCode: [33m404[39m }
[0mDELETE /api/auth/passkey/credentials/undefined [33m404[0m 2.396 ms - 88[0m
[ error ] API request failed { code: [32m'email_already_registered'[39m, statusCode: [33m409[39m }
[0mPOST /api/auth/passkey/registration/begin [33m409[0m 2.261 ms - 97[0m
[0mGET /api/openapi.json [32m200[0m 13.693 ms - 141922[0m
[0mGET /api/schemathesis-probe%5C%1B%01 [33m404[0m 9.599 ms - 170[0m
[0mPOST /api/auth/passkey/registration/begin [32m200[0m 199.981 ms - 798[0m
[ error ] API request failed { code: [32m'email_already_registered'[39m, statusCode: [33m409[39m }
[0mPOST /api/auth/passkey/registration/begin [33m409[0m 15.583 ms - 97[0m
[ error ] API request failed { code: [32m'challenge_mismatch'[39m, statusCode: [33m400[39m }
[0mPOST /api/auth/passkey/registration/complete [33m400[0m 27.358 ms - 86[0m
[ error ] API request failed { code: [32m'email_unverified'[39m, statusCode: [33m403[39m }
[0mPOST /api/auth/passkey/authentication/begin [33m403[0m 16.165 ms - 88[0m
[0mPOST /api/auth/passkey/authentication/begin [32m200[0m 24.012 ms - 392[0m
[ error ] API request failed { code: [32m'platform_error'[39m, statusCode: [33m401[39m }
[0mPOST /api/auth/passkey/authentication/complete [33m401[0m 10.711 ms - 82[0m
