◇ injected env (5) from .env // tip: ⌘ override existing { override: true }
◇ injected env (0) from .env // tip: ◈ secrets for agents [www.dotenvx.com]
◇ injected env (0) from .env // tip: ⌘ custom filepath { path: '/custom/path/.env' }
◇ injected env (0) from .env // tip: ◈ secrets for agents [www.dotenvx.com]
[17:16:11.132] [32mINFO[39m (346597): [36mAPI Mounted[39m
    [35mpath[39m: "/api"
[17:16:11.132] [32mINFO[39m (346597): [36mRealtime runtime ready[39m
    [35mpath[39m: "/socket.io"
[17:16:11.132] [32mINFO[39m (346597): [36mApp Mounted[39m
    [35mpath[39m: "/app"
[17:16:11.132] [32mINFO[39m (346597): [36mSite Mounted[39m
    [35mpath[39m: "/"
[17:16:11.132] [32mINFO[39m (346597): [36mGateway server ready[39m
    [35mhost[39m: "localhost"
    [35mport[39m: 8114
◇ injected env (0) from .env // tip: ◈ secrets for agents [www.dotenvx.com]
[17:16:11.132] [32mINFO[39m (347303): [36mWorker runtime ready[39m
[0mDELETE /api/test/mailbox [32m204[0m 0.592 ms - -[0m
[0mPOST /api/auth/sign-up [32m201[0m 103.645 ms - 205[0m
[0mGET /api/test/mailbox/latest?email=pzs005-run-264-mtc562gp%40example.test&purpose=sign_up [32m200[0m 0.694 ms - 211[0m
[0mPOST /api/auth/sign-up/verify [32m200[0m 52.592 ms - 272[0m
[0mPOST /api/auth/sign-up [32m201[0m 111.339 ms - 212[0m
[0mGET /api/test/mailbox/latest?email=openapi-passkey-smoke-mtc562gp%40example.test&purpose=sign_up [32m200[0m 0.270 ms - 218[0m
[0mPOST /api/auth/sign-up/verify [32m200[0m 46.525 ms - 279[0m
[0mPOST /api/auth/sign-up [32m201[0m 77.096 ms - 217[0m
[0mPOST /api/auth/passkey/registration/begin [32m200[0m 63.867 ms - 824[0m
[0mPOST /api/auth/passkey/registration/complete [32m201[0m 18.010 ms - 252[0m
[ error ] API request failed { code: 'email_unverified', statusCode: 403 }
[0mPOST /api/auth/passkey/authentication/begin [33m403[0m 4.097 ms - 88[0m
[0mGET /api/test/mailbox/latest?email=openapi-passkey-pending-mtc562sc%40example.test&purpose=sign_up [32m200[0m 0.471 ms - 220[0m
[0mPOST /api/auth/sign-up/verify [32m200[0m 52.044 ms - 281[0m
[ error ] API request failed { code: 'reauthentication_required', statusCode: 401 }
[0mPOST /api/auth/passkey/registration/begin [33m401[0m 2.129 ms - 111[0m
[0mPOST /api/auth/passkey/registration/begin [32m200[0m 64.072 ms - 827[0m
[ error ] API request failed { code: 'pin_required', statusCode: 403 }
[0mPOST /api/auth/passkey/registration/begin [33m403[0m 1.083 ms - 91[0m
[ error ] API request failed { code: 'email_unverified', statusCode: 403 }
[0mPOST /api/auth/passkey/authentication/begin [33m403[0m 2.207 ms - 88[0m
[ error ] API request failed { code: 'pin_required', statusCode: 403 }
