PZS005_RUN_ID=RUN-1788271440294-3290535
◇ injected env (0) from .env // tip: ◈ secrets for agents [www.dotenvx.com]
◇ injected env (0) from .env // tip: ⌘ suppress logs { quiet: true }
◇ injected env (0) from .env // tip: ◈ secrets for agents [www.dotenvx.com]
◇ injected env (0) from .env // tip: ⌘ enable debugging { debug: true }
[08:04:17.280] [32mINFO[39m (3293071): [36mAPI Mounted[39m
    [35mpath[39m: "/api"
[08:04:17.289] [32mINFO[39m (3293071): [36mRealtime runtime ready[39m
    [35mpath[39m: "/socket.io"
[08:04:17.283] [32mINFO[39m (3293071): [36mApp Mounted[39m
    [35mpath[39m: "/app"
[08:04:17.284] [32mINFO[39m (3293071): [36mSite Mounted[39m
    [35mpath[39m: "/"
[08:04:17.291] [32mINFO[39m (3293071): [36mGateway server ready[39m
    [35mhost[39m: "localhost"
    [35mport[39m: 8080
◇ injected env (0) from .env // tip: ◈ encrypted .env [www.dotenvx.com]
[08:04:17.533] [32mINFO[39m (3293155): [36mWorker runtime ready[39m
[0mPOST /api/test/auth/session [32m200[0m 26.580 ms - 109[0m
[0mPOST /api/projects [32m201[0m 9.422 ms - 370[0m
[0mPOST /api/sync/f3f72e99-bd99-472a-9bb9-a08006c32f18/devices [32m200[0m 14.337 ms - 326[0m
[0mPOST /api/sync/f3f72e99-bd99-472a-9bb9-a08006c32f18/devices/device-c08014d1-df7c-4cff-a153-164dd43eaa9b/approval [32m200[0m 14.751 ms - 173[0m
[0mPOST /api/sync/f3f72e99-bd99-472a-9bb9-a08006c32f18/devices/device-c08014d1-df7c-4cff-a153-164dd43eaa9b/enroll [32m200[0m 56.749 ms - 758[0m
[0mPOST /api/sync/f3f72e99-bd99-472a-9bb9-a08006c32f18/devices [32m200[0m 11.675 ms - 328[0m
[0mPOST /api/sync/f3f72e99-bd99-472a-9bb9-a08006c32f18/devices/device-66600c96-5fd5-484b-b052-280887c1f5b6/enroll [32m200[0m 48.012 ms - 734[0m
[0mPOST /api/test/auth/session [32m200[0m 30.723 ms - 109[0m
[0mPOST /api/projects [32m201[0m 10.745 ms - 370[0m
[0mPOST /api/sync/e58b9231-5da8-42fe-8677-7f8e1c617784/devices [32m200[0m 14.822 ms - 326[0m
[0mPOST /api/sync/e58b9231-5da8-42fe-8677-7f8e1c617784/devices/device-f87df1e5-f8cc-4e41-9073-d6f600f0a446/approval [32m200[0m 20.527 ms - 173[0m
[0mPOST /api/sync/e58b9231-5da8-42fe-8677-7f8e1c617784/devices/device-f87df1e5-f8cc-4e41-9073-d6f600f0a446/enroll [32m200[0m 33.595 ms - 758[0m
[0mPOST /api/sync/e58b9231-5da8-42fe-8677-7f8e1c617784/devices [32m200[0m 29.145 ms - 328[0m
[0mPOST /api/sync/e58b9231-5da8-42fe-8677-7f8e1c617784/devices/device-6ec40459-ade8-450f-82e8-9256ce76ac35/enroll [32m200[0m 51.267 ms - 734[0m
[0mPOST /api/sync/f3f72e99-bd99-472a-9bb9-a08006c32f18/envelopes [32m201[0m 48.666 ms - 546[0m
[0mPOST /api/sync/f3f72e99-bd99-472a-9bb9-a08006c32f18/envelopes [32m200[0m 21.655 ms - 545[0m
[ error ] API request failed { code: [32m'opaque_envelope_rejected'[39m, statusCode: [33m409[39m }
[0mPOST /api/sync/f3f72e99-bd99-472a-9bb9-a08006c32f18/envelopes [33m409[0m 22.463 ms - 84[0m
[0mGET /api/sync/f3f72e99-bd99-472a-9bb9-a08006c32f18/envelopes?deviceId=device-66600c96-5fd5-484b-b052-280887c1f5b6&enrollmentVersion=2 [32m200[0m 20.212 ms - 546[0m
[0mPOST /api/projects [32m201[0m 5.122 ms - 388[0m
[ error ] API request failed { code: [32m'device_lifecycle_rejected'[39m, statusCode: [33m409[39m }
[0mGET /api/sync/549ad952-205b-4798-bc4a-3009d18136c2/envelopes?deviceId=device-66600c96-5fd5-484b-b052-280887c1f5b6&enrollmentVersion=2 [33m409[0m 4.130 ms - 90[0m
[ error ] API request failed { code: [32m'workspace_not_found'[39m, statusCode: [33m404[39m }
[0mGET /api/sync/e58b9231-5da8-42fe-8677-7f8e1c617784/envelopes?deviceId=device-66600c96-5fd5-484b-b052-280887c1f5b6&enrollmentVersion=2 [33m404[0m 1.505 ms - 76[0m
[0mPOST /api/sync/f3f72e99-bd99-472a-9bb9-a08006c32f18/devices [32m200[0m 10.003 ms - 310[0m
[0mPOST /api/sync/f3f72e99-bd99-472a-9bb9-a08006c32f18/devices/device-f8ff0c64-fe99-43bb-a06b-4de8926c6ac4/revoke [32m200[0m 14.490 ms - 114[0m
[ error ] API request failed { code: [32m'device_lifecycle_rejected'[39m, statusCode: [33m409[39m }
[0mGET /api/sync/f3f72e99-bd99-472a-9bb9-a08006c32f18/envelopes?deviceId=device-f8ff0c64-fe99-43bb-a06b-4de8926c6ac4&enrollmentVersion=1 [33m409[0m 11.926 ms - 90[0m
[0mPOST /api/sync/f3f72e99-bd99-472a-9bb9-a08006c32f18/devices [32m200[0m 18.400 ms - 316[0m
[ error ] API request failed { code: [32m'device_lifecycle_rejected'[39m, statusCode: [33m409[39m }
[0mGET /api/sync/f3f72e99-bd99-472a-9bb9-a08006c32f18/envelopes?deviceId=device-8f761558-81a7-4261-a89b-813fe880fa93&enrollmentVersion=1 [33m409[0m 13.321 ms - 90[0m
[ error ] API request failed { code: [32m'invalid_request'[39m, statusCode: [33m400[39m }
[0mPOST /api/sync/f3f72e99-bd99-472a-9bb9-a08006c32f18/envelopes [33m400[0m 3.876 ms - 236[0m
[ error ] API request failed { code: [32m'invalid_request'[39m, statusCode: [33m400[39m }
[0mPOST /api/sync/f3f72e99-bd99-472a-9bb9-a08006c32f18/envelopes [33m400[0m 1.439 ms - 267[0m
[ error ] API request failed { code: [32m'invalid_request'[39m, statusCode: [33m400[39m }
[0mPOST /api/sync/f3f72e99-bd99-472a-9bb9-a08006c32f18/envelopes [33m400[0m 1.792 ms - 177[0m
[ error ] API request failed { code: [32m'opaque_envelope_rejected'[39m, statusCode: [33m409[39m }
[0mPOST /api/sync/f3f72e99-bd99-472a-9bb9-a08006c32f18/envelopes [33m409[0m 21.378 ms - 84[0m
[ error ] API request failed { code: [32m'opaque_envelope_rejected'[39m, statusCode: [33m409[39m }
[0mPOST /api/sync/f3f72e99-bd99-472a-9bb9-a08006c32f18/envelopes [33m409[0m 15.898 ms - 84[0m
[0mPOST /api/sync/f3f72e99-bd99-472a-9bb9-a08006c32f18/envelopes [32m201[0m 35.625 ms - 530[0m
[ error ] API request failed { code: [32m'opaque_envelope_rejected'[39m, statusCode: [33m409[39m }
[0mPOST /api/sync/f3f72e99-bd99-472a-9bb9-a08006c32f18/envelopes [33m409[0m 19.698 ms - 84[0m
[0mPOST /api/sync/f3f72e99-bd99-472a-9bb9-a08006c32f18/checkpoints [32m201[0m 57.864 ms - 571[0m
[ error ] API request failed { code: [32m'checkpoint_rejected'[39m, statusCode: [33m409[39m }
[0mPOST /api/sync/f3f72e99-bd99-472a-9bb9-a08006c32f18/checkpoints [33m409[0m 33.363 ms - 71[0m
[0mGET /api/sync/f3f72e99-bd99-472a-9bb9-a08006c32f18/recovery?checkpointId=checkpoint-1&deviceId=device-66600c96-5fd5-484b-b052-280887c1f5b6&enrollmentVersion=2&afterCursor=0&limit=10 [32m200[0m 25.951 ms - 1080[0m
[ error ] API request failed { code: [32m'recovery_chain_unavailable'[39m, statusCode: [33m409[39m }
[0mGET /api/sync/f3f72e99-bd99-472a-9bb9-a08006c32f18/recovery?checkpointId=missing&deviceId=device-66600c96-5fd5-484b-b052-280887c1f5b6&enrollmentVersion=2 [33m409[0m 15.817 ms - 92[0m
[ error ] API request failed { code: [32m'cursor_recovery_required'[39m, statusCode: [33m409[39m }
[0mGET /api/sync/f3f72e99-bd99-472a-9bb9-a08006c32f18/envelopes?afterCursor=0&deviceId=device-66600c96-5fd5-484b-b052-280887c1f5b6&enrollmentVersion=2 [33m409[0m 26.665 ms - 96[0m
[0mPOST /api/sync/f3f72e99-bd99-472a-9bb9-a08006c32f18/envelopes [32m201[0m 33.292 ms - 536[0m
[ error ] API request failed { code: [32m'opaque_envelope_rejected'[39m, statusCode: [33m409[39m }
[0mPOST /api/sync/f3f72e99-bd99-472a-9bb9-a08006c32f18/envelopes [33m409[0m 19.458 ms - 84[0m
[0mGET /api/sync/f3f72e99-bd99-472a-9bb9-a08006c32f18/envelopes?afterCursor=1&deviceId=device-66600c96-5fd5-484b-b052-280887c1f5b6&enrollmentVersion=2 [32m200[0m 48.512 ms - 1009[0m
[0mGET /api/sync/f3f72e99-bd99-472a-9bb9-a08006c32f18/devices [32m200[0m 4.795 ms - 1229[0m
[0mGET /api/openapi.json [32m200[0m 14.015 ms - 131286[0m
