PZS005_RUN_ID=RUN-238
◇ injected env (0) from .env // tip: ⌘ enable debugging { debug: true }
◇ injected env (0) from .env // tip: ⌁ auth for agents [www.vestauth.com]
◇ injected env (0) from .env // tip: ⌘ enable debugging { debug: true }
◇ injected env (0) from .env // tip: ⌘ multiple files { path: ['.env.local', '.env'] }
[23:13:05.214] [32mINFO[39m (398316): [36mAPI Mounted[39m
    [35mpath[39m: "/api"
[23:13:05.230] [32mINFO[39m (398316): [36mRealtime runtime ready[39m
    [35mpath[39m: "/socket.io"
[23:13:05.217] [32mINFO[39m (398316): [36mApp Mounted[39m
    [35mpath[39m: "/app"
[23:13:05.218] [32mINFO[39m (398316): [36mSite Mounted[39m
    [35mpath[39m: "/"
[23:13:05.232] [32mINFO[39m (398316): [36mGateway server ready[39m
    [35mhost[39m: "localhost"
    [35mport[39m: 8080
◇ injected env (0) from .env // tip: ⌘ override existing { override: true }
[23:13:05.563] [32mINFO[39m (398408): [36mWorker runtime ready[39m
[0mPOST /api/test/auth/session [32m200[0m 246.583 ms - 109[0m
[0mPOST /api/projects [32m201[0m 8.702 ms - 370[0m
[0mPOST /api/sync/7a4e2f39-159a-4a18-a5e1-074cd12f251a/devices [32m200[0m 31.457 ms - 326[0m
[0mPOST /api/sync/7a4e2f39-159a-4a18-a5e1-074cd12f251a/devices/device-97d0dbc3-95e3-4d07-b942-f2f8c7a981ea/approval [32m200[0m 21.456 ms - 173[0m
[0mPOST /api/sync/7a4e2f39-159a-4a18-a5e1-074cd12f251a/devices/device-97d0dbc3-95e3-4d07-b942-f2f8c7a981ea/enroll [32m200[0m 78.158 ms - 758[0m
[0mPOST /api/sync/7a4e2f39-159a-4a18-a5e1-074cd12f251a/devices [32m200[0m 12.325 ms - 328[0m
[0mPOST /api/sync/7a4e2f39-159a-4a18-a5e1-074cd12f251a/devices/device-56e8771a-d3fb-4492-be1f-dabaa567a800/enroll [32m200[0m 31.900 ms - 734[0m
[0mPOST /api/test/auth/session [32m200[0m 192.582 ms - 109[0m
[0mPOST /api/projects [32m201[0m 14.428 ms - 370[0m
[0mPOST /api/sync/b20725ab-ad90-4b26-9b28-5122485c348b/devices [32m200[0m 23.251 ms - 326[0m
[0mPOST /api/sync/b20725ab-ad90-4b26-9b28-5122485c348b/devices/device-3af92fcf-ca3e-45c7-8d5b-f9f186042ec3/approval [32m200[0m 18.203 ms - 173[0m
[0mPOST /api/sync/b20725ab-ad90-4b26-9b28-5122485c348b/devices/device-3af92fcf-ca3e-45c7-8d5b-f9f186042ec3/enroll [32m200[0m 29.442 ms - 758[0m
[0mPOST /api/sync/b20725ab-ad90-4b26-9b28-5122485c348b/devices [32m200[0m 10.244 ms - 328[0m
[0mPOST /api/sync/b20725ab-ad90-4b26-9b28-5122485c348b/devices/device-2476c2ca-28f0-4a77-b5a6-54cd80262a73/enroll [32m200[0m 47.228 ms - 734[0m
[0mPOST /api/sync/7a4e2f39-159a-4a18-a5e1-074cd12f251a/envelopes [32m201[0m 41.838 ms - 546[0m
[0mPOST /api/sync/7a4e2f39-159a-4a18-a5e1-074cd12f251a/envelopes [32m200[0m 7.704 ms - 545[0m
[ error ] API request failed { code: [32m'opaque_envelope_rejected'[39m, statusCode: [33m409[39m }
[0mPOST /api/sync/7a4e2f39-159a-4a18-a5e1-074cd12f251a/envelopes [33m409[0m 20.246 ms - 84[0m
[0mGET /api/sync/7a4e2f39-159a-4a18-a5e1-074cd12f251a/envelopes?deviceId=device-56e8771a-d3fb-4492-be1f-dabaa567a800&enrollmentVersion=2 [32m200[0m 13.555 ms - 546[0m
[0mPOST /api/projects [32m201[0m 4.791 ms - 388[0m
[ error ] API request failed { code: [32m'device_lifecycle_rejected'[39m, statusCode: [33m409[39m }
[0mGET /api/sync/c4aff7fc-181e-4670-a60d-818ebe697099/envelopes?deviceId=device-56e8771a-d3fb-4492-be1f-dabaa567a800&enrollmentVersion=2 [33m409[0m 6.126 ms - 90[0m
[ error ] API request failed { code: [32m'workspace_not_found'[39m, statusCode: [33m404[39m }
[0mGET /api/sync/b20725ab-ad90-4b26-9b28-5122485c348b/envelopes?deviceId=device-56e8771a-d3fb-4492-be1f-dabaa567a800&enrollmentVersion=2 [33m404[0m 3.957 ms - 76[0m
[0mPOST /api/sync/7a4e2f39-159a-4a18-a5e1-074cd12f251a/devices [32m200[0m 13.232 ms - 310[0m
[0mPOST /api/sync/7a4e2f39-159a-4a18-a5e1-074cd12f251a/devices/device-06c6d8e2-6d11-4a82-8355-e55d4fbb9f08/revoke [32m200[0m 12.434 ms - 114[0m
[ error ] API request failed { code: [32m'device_lifecycle_rejected'[39m, statusCode: [33m409[39m }
[0mGET /api/sync/7a4e2f39-159a-4a18-a5e1-074cd12f251a/envelopes?deviceId=device-06c6d8e2-6d11-4a82-8355-e55d4fbb9f08&enrollmentVersion=1 [33m409[0m 8.984 ms - 90[0m
[0mPOST /api/sync/7a4e2f39-159a-4a18-a5e1-074cd12f251a/devices [32m200[0m 9.389 ms - 316[0m
[ error ] API request failed { code: [32m'device_lifecycle_rejected'[39m, statusCode: [33m409[39m }
[0mGET /api/sync/7a4e2f39-159a-4a18-a5e1-074cd12f251a/envelopes?deviceId=device-d3566f35-84bc-4d24-ab50-3cae624be8da&enrollmentVersion=1 [33m409[0m 3.408 ms - 90[0m
[ error ] API request failed { code: [32m'invalid_request'[39m, statusCode: [33m400[39m }
[0mPOST /api/sync/7a4e2f39-159a-4a18-a5e1-074cd12f251a/envelopes [33m400[0m 1.820 ms - 236[0m
[ error ] API request failed { code: [32m'invalid_request'[39m, statusCode: [33m400[39m }
[0mPOST /api/sync/7a4e2f39-159a-4a18-a5e1-074cd12f251a/envelopes [33m400[0m 1.613 ms - 267[0m
[ error ] API request failed { code: [32m'invalid_request'[39m, statusCode: [33m400[39m }
[0mPOST /api/sync/7a4e2f39-159a-4a18-a5e1-074cd12f251a/envelopes [33m400[0m 1.005 ms - 177[0m
[ error ] API request failed { code: [32m'opaque_envelope_rejected'[39m, statusCode: [33m409[39m }
[0mPOST /api/sync/7a4e2f39-159a-4a18-a5e1-074cd12f251a/envelopes [33m409[0m 16.452 ms - 84[0m
[ error ] API request failed { code: [32m'opaque_envelope_rejected'[39m, statusCode: [33m409[39m }
[0mPOST /api/sync/7a4e2f39-159a-4a18-a5e1-074cd12f251a/envelopes [33m409[0m 6.864 ms - 84[0m
[0mPOST /api/sync/7a4e2f39-159a-4a18-a5e1-074cd12f251a/envelopes [32m201[0m 29.166 ms - 530[0m
[ error ] API request failed { code: [32m'opaque_envelope_rejected'[39m, statusCode: [33m409[39m }
[0mPOST /api/sync/7a4e2f39-159a-4a18-a5e1-074cd12f251a/envelopes [33m409[0m 11.005 ms - 84[0m
[0mPOST /api/sync/7a4e2f39-159a-4a18-a5e1-074cd12f251a/checkpoints [32m201[0m 38.586 ms - 571[0m
[ error ] API request failed { code: [32m'checkpoint_rejected'[39m, statusCode: [33m409[39m }
[0mPOST /api/sync/7a4e2f39-159a-4a18-a5e1-074cd12f251a/checkpoints [33m409[0m 6.925 ms - 71[0m
[0mGET /api/sync/7a4e2f39-159a-4a18-a5e1-074cd12f251a/recovery?checkpointId=checkpoint-1&deviceId=device-56e8771a-d3fb-4492-be1f-dabaa567a800&enrollmentVersion=2&afterCursor=0&limit=10 [32m200[0m 8.404 ms - 1080[0m
[ error ] API request failed { code: [32m'recovery_chain_unavailable'[39m, statusCode: [33m409[39m }
[0mGET /api/sync/7a4e2f39-159a-4a18-a5e1-074cd12f251a/recovery?checkpointId=missing&deviceId=device-56e8771a-d3fb-4492-be1f-dabaa567a800&enrollmentVersion=2 [33m409[0m 5.292 ms - 92[0m
[ error ] API request failed { code: [32m'cursor_recovery_required'[39m, statusCode: [33m409[39m }
[0mGET /api/sync/7a4e2f39-159a-4a18-a5e1-074cd12f251a/envelopes?afterCursor=0&deviceId=device-56e8771a-d3fb-4492-be1f-dabaa567a800&enrollmentVersion=2 [33m409[0m 6.229 ms - 96[0m
[0mPOST /api/sync/7a4e2f39-159a-4a18-a5e1-074cd12f251a/envelopes [32m201[0m 22.583 ms - 536[0m
[ error ] API request failed { code: [32m'opaque_envelope_rejected'[39m, statusCode: [33m409[39m }
[0mPOST /api/sync/7a4e2f39-159a-4a18-a5e1-074cd12f251a/envelopes [33m409[0m 5.984 ms - 84[0m
[0mGET /api/sync/7a4e2f39-159a-4a18-a5e1-074cd12f251a/envelopes?afterCursor=1&deviceId=device-56e8771a-d3fb-4492-be1f-dabaa567a800&enrollmentVersion=2 [32m200[0m 8.834 ms - 1009[0m
[0mGET /api/sync/7a4e2f39-159a-4a18-a5e1-074cd12f251a/devices [32m200[0m 3.040 ms - 1229[0m
[0mGET /api/openapi.json [32m200[0m 9.655 ms - 141785[0m
