PZS005_RUN_ID=RUN-239
◇ injected env (0) from .env // tip: ⌘ custom filepath { path: '/custom/path/.env' }
◇ injected env (0) from .env // tip: ⌘ multiple files { path: ['.env.local', '.env'] }
◇ injected env (0) from .env // tip: ⌘ suppress logs { quiet: true }
◇ injected env (0) from .env // tip: ⌁ auth for agents [www.vestauth.com]
[23:45:29.681] [32mINFO[39m (597285): [36mAPI Mounted[39m
    [35mpath[39m: "/api"
[23:45:29.691] [32mINFO[39m (597285): [36mRealtime runtime ready[39m
    [35mpath[39m: "/socket.io"
[23:45:29.684] [32mINFO[39m (597285): [36mApp Mounted[39m
    [35mpath[39m: "/app"
[23:45:29.685] [32mINFO[39m (597285): [36mSite Mounted[39m
    [35mpath[39m: "/"
[23:45:29.693] [32mINFO[39m (597285): [36mGateway server ready[39m
    [35mhost[39m: "localhost"
    [35mport[39m: 8080
◇ injected env (0) from .env // tip: ⌘ enable debugging { debug: true }
[23:45:30.036] [32mINFO[39m (597423): [36mWorker runtime ready[39m
[0mPOST /api/test/auth/session [32m200[0m 188.902 ms - 109[0m
[0mPOST /api/projects [32m201[0m 6.852 ms - 370[0m
[0mPOST /api/sync/af0aca6e-4ad3-4cce-937d-47e9f602ea61/devices [32m200[0m 11.343 ms - 326[0m
[0mPOST /api/sync/af0aca6e-4ad3-4cce-937d-47e9f602ea61/devices/device-d80be385-4d9c-4280-b444-c7c3fe216213/approval [32m200[0m 18.003 ms - 173[0m
[0mPOST /api/sync/af0aca6e-4ad3-4cce-937d-47e9f602ea61/devices/device-d80be385-4d9c-4280-b444-c7c3fe216213/enroll [32m200[0m 98.191 ms - 758[0m
[0mPOST /api/sync/af0aca6e-4ad3-4cce-937d-47e9f602ea61/devices [32m200[0m 11.504 ms - 328[0m
[0mPOST /api/sync/af0aca6e-4ad3-4cce-937d-47e9f602ea61/devices/device-ba3dae51-1ae1-4e4d-9f41-fcebd9bec3ea/enroll [32m200[0m 39.275 ms - 734[0m
[0mPOST /api/test/auth/session [32m200[0m 192.579 ms - 109[0m
[0mPOST /api/projects [32m201[0m 5.558 ms - 370[0m
[0mPOST /api/sync/1a9f18e4-6a7f-4cdc-8433-fdd28d80f998/devices [32m200[0m 8.623 ms - 326[0m
[0mPOST /api/sync/1a9f18e4-6a7f-4cdc-8433-fdd28d80f998/devices/device-a83b6b4d-e870-427c-b9ba-0f1f65165f8f/approval [32m200[0m 16.629 ms - 173[0m
[0mPOST /api/sync/1a9f18e4-6a7f-4cdc-8433-fdd28d80f998/devices/device-a83b6b4d-e870-427c-b9ba-0f1f65165f8f/enroll [32m200[0m 45.554 ms - 758[0m
[0mPOST /api/sync/1a9f18e4-6a7f-4cdc-8433-fdd28d80f998/devices [32m200[0m 13.457 ms - 328[0m
[0mPOST /api/sync/1a9f18e4-6a7f-4cdc-8433-fdd28d80f998/devices/device-e785866d-e0eb-478f-b371-a81967ac4763/enroll [32m200[0m 26.084 ms - 734[0m
[0mPOST /api/sync/af0aca6e-4ad3-4cce-937d-47e9f602ea61/envelopes [32m201[0m 22.892 ms - 546[0m
[0mPOST /api/sync/af0aca6e-4ad3-4cce-937d-47e9f602ea61/envelopes [32m200[0m 20.148 ms - 545[0m
[ error ] API request failed { code: [32m'opaque_envelope_rejected'[39m, statusCode: [33m409[39m }
[0mPOST /api/sync/af0aca6e-4ad3-4cce-937d-47e9f602ea61/envelopes [33m409[0m 14.221 ms - 84[0m
[0mGET /api/sync/af0aca6e-4ad3-4cce-937d-47e9f602ea61/envelopes?deviceId=device-ba3dae51-1ae1-4e4d-9f41-fcebd9bec3ea&enrollmentVersion=2 [32m200[0m 11.431 ms - 546[0m
[0mPOST /api/projects [32m201[0m 6.020 ms - 388[0m
[ error ] API request failed { code: [32m'device_lifecycle_rejected'[39m, statusCode: [33m409[39m }
[0mGET /api/sync/3ff80eb3-1799-48fe-a285-4b0fd2365744/envelopes?deviceId=device-ba3dae51-1ae1-4e4d-9f41-fcebd9bec3ea&enrollmentVersion=2 [33m409[0m 3.252 ms - 90[0m
[ error ] API request failed { code: [32m'workspace_not_found'[39m, statusCode: [33m404[39m }
[0mGET /api/sync/1a9f18e4-6a7f-4cdc-8433-fdd28d80f998/envelopes?deviceId=device-ba3dae51-1ae1-4e4d-9f41-fcebd9bec3ea&enrollmentVersion=2 [33m404[0m 1.375 ms - 76[0m
[0mPOST /api/sync/af0aca6e-4ad3-4cce-937d-47e9f602ea61/devices [32m200[0m 8.892 ms - 310[0m
[0mPOST /api/sync/af0aca6e-4ad3-4cce-937d-47e9f602ea61/devices/device-1e53ebd0-e00e-499c-880e-62bf6473fd9c/revoke [32m200[0m 9.423 ms - 114[0m
[ error ] API request failed { code: [32m'device_lifecycle_rejected'[39m, statusCode: [33m409[39m }
[0mGET /api/sync/af0aca6e-4ad3-4cce-937d-47e9f602ea61/envelopes?deviceId=device-1e53ebd0-e00e-499c-880e-62bf6473fd9c&enrollmentVersion=1 [33m409[0m 3.688 ms - 90[0m
[0mPOST /api/sync/af0aca6e-4ad3-4cce-937d-47e9f602ea61/devices [32m200[0m 8.730 ms - 316[0m
[ error ] API request failed { code: [32m'device_lifecycle_rejected'[39m, statusCode: [33m409[39m }
[0mGET /api/sync/af0aca6e-4ad3-4cce-937d-47e9f602ea61/envelopes?deviceId=device-9c490aee-f8d2-4dbf-8d91-a83481816db4&enrollmentVersion=1 [33m409[0m 2.758 ms - 90[0m
[ error ] API request failed { code: [32m'invalid_request'[39m, statusCode: [33m400[39m }
[0mPOST /api/sync/af0aca6e-4ad3-4cce-937d-47e9f602ea61/envelopes [33m400[0m 1.027 ms - 236[0m
[ error ] API request failed { code: [32m'invalid_request'[39m, statusCode: [33m400[39m }
[0mPOST /api/sync/af0aca6e-4ad3-4cce-937d-47e9f602ea61/envelopes [33m400[0m 0.700 ms - 267[0m
[ error ] API request failed { code: [32m'invalid_request'[39m, statusCode: [33m400[39m }
[0mPOST /api/sync/af0aca6e-4ad3-4cce-937d-47e9f602ea61/envelopes [33m400[0m 0.811 ms - 177[0m
[ error ] API request failed { code: [32m'opaque_envelope_rejected'[39m, statusCode: [33m409[39m }
[0mPOST /api/sync/af0aca6e-4ad3-4cce-937d-47e9f602ea61/envelopes [33m409[0m 6.756 ms - 84[0m
[ error ] API request failed { code: [32m'opaque_envelope_rejected'[39m, statusCode: [33m409[39m }
[0mPOST /api/sync/af0aca6e-4ad3-4cce-937d-47e9f602ea61/envelopes [33m409[0m 6.498 ms - 84[0m
[0mPOST /api/sync/af0aca6e-4ad3-4cce-937d-47e9f602ea61/envelopes [32m201[0m 19.208 ms - 530[0m
[ error ] API request failed { code: [32m'opaque_envelope_rejected'[39m, statusCode: [33m409[39m }
[0mPOST /api/sync/af0aca6e-4ad3-4cce-937d-47e9f602ea61/envelopes [33m409[0m 14.772 ms - 84[0m
[0mPOST /api/sync/af0aca6e-4ad3-4cce-937d-47e9f602ea61/checkpoints [32m201[0m 33.571 ms - 571[0m
[ error ] API request failed { code: [32m'checkpoint_rejected'[39m, statusCode: [33m409[39m }
[0mPOST /api/sync/af0aca6e-4ad3-4cce-937d-47e9f602ea61/checkpoints [33m409[0m 8.212 ms - 71[0m
[0mGET /api/sync/af0aca6e-4ad3-4cce-937d-47e9f602ea61/recovery?checkpointId=checkpoint-1&deviceId=device-ba3dae51-1ae1-4e4d-9f41-fcebd9bec3ea&enrollmentVersion=2&afterCursor=0&limit=10 [32m200[0m 11.663 ms - 1080[0m
[ error ] API request failed { code: [32m'recovery_chain_unavailable'[39m, statusCode: [33m409[39m }
[0mGET /api/sync/af0aca6e-4ad3-4cce-937d-47e9f602ea61/recovery?checkpointId=missing&deviceId=device-ba3dae51-1ae1-4e4d-9f41-fcebd9bec3ea&enrollmentVersion=2 [33m409[0m 4.754 ms - 92[0m
[ error ] API request failed { code: [32m'cursor_recovery_required'[39m, statusCode: [33m409[39m }
[0mGET /api/sync/af0aca6e-4ad3-4cce-937d-47e9f602ea61/envelopes?afterCursor=0&deviceId=device-ba3dae51-1ae1-4e4d-9f41-fcebd9bec3ea&enrollmentVersion=2 [33m409[0m 3.798 ms - 96[0m
[0mPOST /api/sync/af0aca6e-4ad3-4cce-937d-47e9f602ea61/envelopes [32m201[0m 21.882 ms - 536[0m
[ error ] API request failed { code: [32m'opaque_envelope_rejected'[39m, statusCode: [33m409[39m }
[0mPOST /api/sync/af0aca6e-4ad3-4cce-937d-47e9f602ea61/envelopes [33m409[0m 5.504 ms - 84[0m
[0mGET /api/sync/af0aca6e-4ad3-4cce-937d-47e9f602ea61/envelopes?afterCursor=1&deviceId=device-ba3dae51-1ae1-4e4d-9f41-fcebd9bec3ea&enrollmentVersion=2 [32m200[0m 12.828 ms - 1009[0m
[0mGET /api/sync/af0aca6e-4ad3-4cce-937d-47e9f602ea61/devices [32m200[0m 4.032 ms - 1229[0m
[0mGET /api/openapi.json [32m200[0m 18.020 ms - 141785[0m
