◇ injected env (0) from .env // tip: ⌁ auth for agents [www.vestauth.com]
[22:53:09.217] [31mERROR[39m (258529): [36mFailed to bootstrap gateway server[39m
    err: {
      "type": "Error",
      "message": "Cannot find module '/home/visomi/Projects/GitHub/visomi-dev/themis/dist/apps/web/api/main.js' imported from /home/visomi/Projects/GitHub/visomi-dev/themis/dist/apps/web/server/main.js",
      "stack":
          Error [ERR_MODULE_NOT_FOUND]: Cannot find module '/home/visomi/Projects/GitHub/visomi-dev/themis/dist/apps/web/api/main.js' imported from /home/visomi/Projects/GitHub/visomi-dev/themis/dist/apps/web/server/main.js
              at finalizeResolution (node:internal/modules/esm/resolve:272:11)
              at moduleResolve (node:internal/modules/esm/resolve:879:10)
              at defaultResolve (node:internal/modules/esm/resolve:1006:11)
              at #cachedDefaultResolve (node:internal/modules/esm/loader:708:20)
              at #resolveAndMaybeBlockOnLoaderThread (node:internal/modules/esm/loader:728:38)
              at ModuleLoader.resolveSync (node:internal/modules/esm/loader:766:56)
              at #resolve (node:internal/modules/esm/loader:690:17)
              at ModuleLoader.getOrCreateModuleJob (node:internal/modules/esm/loader:610:35)
              at node:internal/modules/esm/loader:639:32
              at TracingChannel.tracePromise (node:diagnostics_channel:538:22)
      "code": "ERR_MODULE_NOT_FOUND",
      "url": "file:///home/visomi/Projects/GitHub/visomi-dev/themis/dist/apps/web/api/main.js"
    }
