◇ injected env (0) from .env // tip: ⌘ suppress logs { quiet: true }
◇ injected env (0) from .env // tip: ⌘ multiple files { path: ['.env.local', '.env'] }
◇ injected env (0) from .env // tip: ⌁ auth for agents [www.vestauth.com]
◇ injected env (0) from .env // tip: ⌘ override existing { override: true }
[17:50:49.840] INFO ([REDACTED-PIN]): API Mounted
    path: "/api"
[17:50:49.840] INFO ([REDACTED-PIN]): Realtime runtime ready
    path: "/socket.io"
[17:50:49.840] INFO ([REDACTED-PIN]): App Mounted
    path: "/app"
[17:50:49.840] INFO ([REDACTED-PIN]): Site Mounted
    path: "/"
[17:50:49.840] INFO ([REDACTED-PIN]): Gateway server ready
    host: "localhost"
    port: 8120
◇ injected env (0) from .env // tip: ⌘ suppress logs { quiet: true }
[17:50:49.840] INFO ([REDACTED-PIN]): Worker runtime ready
DELETE /api/test/mailbox 204 0.672 ms - -
POST /api/auth/sign-up 201 96.050 ms - 205
GET /api/test/mailbox/latest?email=pzs005-run-265-mtc6emen%40example.test&purpose=sign_up 200 0.702 ms - 211
POST /api/auth/sign-up/verify 200 83.967 ms - 272
POST /api/auth/sign-up 201 108.713 ms - 212
GET /api/test/mailbox/latest?email=[REDACTED]&purpose=sign_up 200 0.324 ms - 218
POST /api/auth/sign-up/verify 200 41.490 ms - 279
POST /api/auth/sign-up 201 86.678 ms - 217
POST /api/auth/passkey/registration/begin 200 67.068 ms - 824
POST /api/auth/passkey/registration/complete 201 23.464 ms - 252
[ error ] API request failed { code: 'email_unverified', statusCode: 403 }
POST /api/auth/passkey/authentication/begin 403 4.475 ms - 88
GET /api/test/mailbox/latest?email=[REDACTED]&purpose=sign_up 200 0.599 ms - 220
POST /api/auth/sign-up/verify 200 79.624 ms - 281
POST /api/auth/passkey/authentication/begin 200 10.240 ms - 392
POST /api/auth/passkey/authentication/complete 200 28.294 ms - 369
POST /api/auth/passkey/registration/begin 200 11.445 ms - 833
[ error ] API request failed { code: 'email_already_registered', statusCode: 409 }
POST /api/auth/passkey/registration/begin 409 1.026 ms - 97
POST /api/auth/passkey/registration/begin 200 57.276 ms - 827
[ error ] API request failed { code: 'pin_required', statusCode: 403 }
POST /api/auth/passkey/registration/begin 403 1.320 ms - 91
[ error ] API request failed { code: 'email_unverified', statusCode: 403 }
POST /api/auth/passkey/authentication/begin 403 4.503 ms - 88
[ error ] API request failed { code: 'pin_required', statusCode: 403 }
POST /api/auth/passkey/authentication/begin 403 1.543 ms - 91
POST /api/auth/passkey/registration/begin 200 5.512 ms - 833
[ error ] API request failed { code: 'challenge_mismatch', statusCode: 400 }
POST /api/auth/passkey/registration/complete 400 0.843 ms - 86
POST /api/auth/passkey/registration/begin 200 6.065 ms - 833
[ error ] API request failed { code: 'challenge_mismatch', statusCode: 400 }
POST /api/auth/passkey/registration/complete 400 11.877 ms - 86
POST /api/auth/passkey/registration/begin 200 15.057 ms - 833
POST /api/auth/passkey/registration/complete 201 6.134 ms - 245
[ error ] API request failed { code: 'challenge_replayed', statusCode: 409 }
POST /api/auth/passkey/authentication/complete 409 3.515 ms - 86
POST /api/auth/passkey/authentication/begin 200 5.034 ms - 470
[ error ] API request failed { code: 'platform_error', statusCode: 401 }
POST /api/auth/passkey/authentication/complete 401 1.109 ms - 82
POST /api/auth/passkey/authentication/begin 200 5.408 ms - 470
[ error ] API request failed { code: 'platform_error', statusCode: 401 }
POST /api/auth/passkey/authentication/complete 401 1.625 ms - 82
[ error ] API request failed { code: 'credential_not_found', statusCode: 404 }
POST /api/auth/passkey/authentication/begin 404 0.985 ms - 88
[ error ] API request failed { code: 'credential_not_found', statusCode: 404 }
POST /api/auth/passkey/authentication/begin 404 1.468 ms - 88
POST /api/auth/passkey/registration/begin 200 6.224 ms - 911
POST /api/auth/passkey/authentication/begin 200 6.077 ms - 470
GET /api/openapi.json 200 20.690 ms - [REDACTED-PIN]
GET /api/schemathesis-probe%5C%1B%01 404 3.192 ms - 170
[ error ] API request failed { code: 'pin_required', statusCode: 403 }
POST /api/auth/passkey/registration/begin 403 0.844 ms - 91
[ error ] API request failed { code: 'authentication_required', statusCode: 401 }
POST /api/auth/passkey/registration/begin 401 0.912 ms - 84
[ error ] API request failed { code: 'pin_required', statusCode: 403 }
POST /api/auth/passkey/authentication/begin 403 0.863 ms - 91
POST /api/auth/passkey/authentication/begin 200 5.291 ms - 470
