◇ injected env (0) from .env // tip: ⌘ multiple files { path: ['.env.local', '.env'] }
◇ injected env (0) from .env // tip: ⌁ auth for agents [www.vestauth.com]
◇ injected env (0) from .env // tip: ⌘ override existing { override: true }
◇ injected env (0) from .env // tip: ◈ encrypted .env [www.dotenvx.com]
[16:45:49.024] [32mINFO[39m (2864377): [36mAPI Mounted[39m
    [35mpath[39m: "/api"
[16:45:49.033] [32mINFO[39m (2864377): [36mRealtime runtime ready[39m
    [35mpath[39m: "/socket.io"
[16:45:49.026] [32mINFO[39m (2864377): [36mApp Mounted[39m
    [35mpath[39m: "/app"
[16:45:49.027] [32mINFO[39m (2864377): [36mSite Mounted[39m
    [35mpath[39m: "/"
[16:45:49.034] [32mINFO[39m (2864377): [36mGateway server ready[39m
    [35mhost[39m: "localhost"
    [35mport[39m: 8080
◇ injected env (0) from .env // tip: ⌘ enable debugging { debug: true }
[16:45:49.290] [32mINFO[39m (2864441): [36mWorker runtime ready[39m
[0mPOST /api/test/auth/session [32m200[0m 168.235 ms - 109[0m
[0mPOST /api/projects [32m201[0m 10.288 ms - 370[0m
[0mPOST /api/sync/0d369b80-3116-4c82-a312-07175931dd51/devices [32m200[0m 13.230 ms - 326[0m
[0mPOST /api/sync/0d369b80-3116-4c82-a312-07175931dd51/devices/device-806bc6ad-fcec-4df5-bce8-14b563e9b41b/approval [32m200[0m 13.501 ms - 173[0m
[0mPOST /api/sync/0d369b80-3116-4c82-a312-07175931dd51/devices/device-806bc6ad-fcec-4df5-bce8-14b563e9b41b/enroll [32m200[0m 88.450 ms - 758[0m
[0mPOST /api/sync/0d369b80-3116-4c82-a312-07175931dd51/devices [32m200[0m 8.767 ms - 328[0m
[0mPOST /api/sync/0d369b80-3116-4c82-a312-07175931dd51/devices/device-d6c315b1-1121-46c2-8585-e801715f94be/enroll [32m200[0m 24.302 ms - 734[0m
[0mPOST /api/test/auth/session [32m200[0m 148.273 ms - 109[0m
[0mPOST /api/projects [32m201[0m 11.142 ms - 370[0m
[0mPOST /api/sync/574be759-1c08-4a2d-b8be-0b92a265c4d5/devices [32m200[0m 11.675 ms - 326[0m
[0mPOST /api/sync/574be759-1c08-4a2d-b8be-0b92a265c4d5/devices/device-d0c0d3dd-0564-4af9-bae0-4b5eb387e23c/approval [32m200[0m 9.263 ms - 173[0m
[0mPOST /api/sync/574be759-1c08-4a2d-b8be-0b92a265c4d5/devices/device-d0c0d3dd-0564-4af9-bae0-4b5eb387e23c/enroll [32m200[0m 24.778 ms - 758[0m
[0mPOST /api/sync/574be759-1c08-4a2d-b8be-0b92a265c4d5/devices [32m200[0m 27.596 ms - 328[0m
[0mPOST /api/sync/574be759-1c08-4a2d-b8be-0b92a265c4d5/devices/device-d24755ec-671d-46e7-b45c-870dd123b536/enroll [32m200[0m 50.615 ms - 734[0m
[0mPOST /api/sync/0d369b80-3116-4c82-a312-07175931dd51/envelopes [32m201[0m 36.322 ms - 546[0m
[0mPOST /api/sync/0d369b80-3116-4c82-a312-07175931dd51/envelopes [32m200[0m 12.539 ms - 545[0m
[ error ] API request failed { code: [32m'opaque_envelope_rejected'[39m, statusCode: [33m409[39m }
[0mPOST /api/sync/0d369b80-3116-4c82-a312-07175931dd51/envelopes [33m409[0m 13.114 ms - 84[0m
[0mGET /api/sync/0d369b80-3116-4c82-a312-07175931dd51/envelopes?deviceId=device-d6c315b1-1121-46c2-8585-e801715f94be&enrollmentVersion=2 [32m200[0m 17.094 ms - 546[0m
[0mPOST /api/projects [32m201[0m 9.366 ms - 388[0m
[ error ] API request failed { code: [32m'device_lifecycle_rejected'[39m, statusCode: [33m409[39m }
[0mGET /api/sync/32d6eb9b-d5ff-48b1-951a-a6c148c9c94d/envelopes?deviceId=device-d6c315b1-1121-46c2-8585-e801715f94be&enrollmentVersion=2 [33m409[0m 23.894 ms - 90[0m
[ error ] API request failed { code: [32m'workspace_not_found'[39m, statusCode: [33m404[39m }
[0mGET /api/sync/574be759-1c08-4a2d-b8be-0b92a265c4d5/envelopes?deviceId=device-d6c315b1-1121-46c2-8585-e801715f94be&enrollmentVersion=2 [33m404[0m 4.946 ms - 76[0m
[0mPOST /api/sync/0d369b80-3116-4c82-a312-07175931dd51/devices [32m200[0m 14.915 ms - 310[0m
[0mPOST /api/sync/0d369b80-3116-4c82-a312-07175931dd51/devices/device-fe8c1e21-f028-4cd5-8e50-f916af444351/revoke [32m200[0m 25.970 ms - 114[0m
[ error ] API request failed { code: [32m'device_lifecycle_rejected'[39m, statusCode: [33m409[39m }
[0mGET /api/sync/0d369b80-3116-4c82-a312-07175931dd51/envelopes?deviceId=device-fe8c1e21-f028-4cd5-8e50-f916af444351&enrollmentVersion=1 [33m409[0m 12.599 ms - 90[0m
[0mPOST /api/sync/0d369b80-3116-4c82-a312-07175931dd51/devices [32m200[0m 19.206 ms - 316[0m
[ error ] API request failed { code: [32m'device_lifecycle_rejected'[39m, statusCode: [33m409[39m }
[0mGET /api/sync/0d369b80-3116-4c82-a312-07175931dd51/envelopes?deviceId=device-51c6f9b0-aaf2-4bfd-99f4-f184300758ca&enrollmentVersion=1 [33m409[0m 32.013 ms - 90[0m
[ error ] API request failed { code: [32m'invalid_request'[39m, statusCode: [33m400[39m }
[0mPOST /api/sync/0d369b80-3116-4c82-a312-07175931dd51/envelopes [33m400[0m 2.386 ms - 236[0m
[ error ] API request failed { code: [32m'invalid_request'[39m, statusCode: [33m400[39m }
[0mPOST /api/sync/0d369b80-3116-4c82-a312-07175931dd51/envelopes [33m400[0m 0.614 ms - 267[0m
[ error ] API request failed { code: [32m'invalid_request'[39m, statusCode: [33m400[39m }
[0mPOST /api/sync/0d369b80-3116-4c82-a312-07175931dd51/envelopes [33m400[0m 0.691 ms - 177[0m
[ error ] API request failed { code: [32m'opaque_envelope_rejected'[39m, statusCode: [33m409[39m }
[0mPOST /api/sync/0d369b80-3116-4c82-a312-07175931dd51/envelopes [33m409[0m 15.191 ms - 84[0m
[ error ] API request failed { code: [32m'opaque_envelope_rejected'[39m, statusCode: [33m409[39m }
[0mPOST /api/sync/0d369b80-3116-4c82-a312-07175931dd51/envelopes [33m409[0m 14.090 ms - 84[0m
[0mPOST /api/sync/0d369b80-3116-4c82-a312-07175931dd51/envelopes [32m201[0m 47.631 ms - 530[0m
[ error ] API request failed { code: [32m'opaque_envelope_rejected'[39m, statusCode: [33m409[39m }
[0mPOST /api/sync/0d369b80-3116-4c82-a312-07175931dd51/envelopes [33m409[0m 26.606 ms - 84[0m
[0mPOST /api/sync/0d369b80-3116-4c82-a312-07175931dd51/checkpoints [32m201[0m 23.425 ms - 571[0m
[ error ] API request failed { code: [32m'checkpoint_rejected'[39m, statusCode: [33m409[39m }
[0mPOST /api/sync/0d369b80-3116-4c82-a312-07175931dd51/checkpoints [33m409[0m 8.089 ms - 71[0m
[0mGET /api/sync/0d369b80-3116-4c82-a312-07175931dd51/recovery?checkpointId=checkpoint-1&deviceId=device-d6c315b1-1121-46c2-8585-e801715f94be&enrollmentVersion=2&afterCursor=0&limit=10 [32m200[0m 31.231 ms - 1080[0m
[ error ] API request failed { code: [32m'recovery_chain_unavailable'[39m, statusCode: [33m409[39m }
[0mGET /api/sync/0d369b80-3116-4c82-a312-07175931dd51/recovery?checkpointId=missing&deviceId=device-d6c315b1-1121-46c2-8585-e801715f94be&enrollmentVersion=2 [33m409[0m 26.561 ms - 92[0m
[ error ] API request failed { code: [32m'cursor_recovery_required'[39m, statusCode: [33m409[39m }
[0mGET /api/sync/0d369b80-3116-4c82-a312-07175931dd51/envelopes?afterCursor=0&deviceId=device-d6c315b1-1121-46c2-8585-e801715f94be&enrollmentVersion=2 [33m409[0m 21.894 ms - 96[0m
[0mPOST /api/sync/0d369b80-3116-4c82-a312-07175931dd51/envelopes [32m201[0m 39.161 ms - 536[0m
[ error ] API request failed { code: [32m'opaque_envelope_rejected'[39m, statusCode: [33m409[39m }
[0mPOST /api/sync/0d369b80-3116-4c82-a312-07175931dd51/envelopes [33m409[0m 20.075 ms - 84[0m
[0mGET /api/sync/0d369b80-3116-4c82-a312-07175931dd51/envelopes?afterCursor=1&deviceId=device-d6c315b1-1121-46c2-8585-e801715f94be&enrollmentVersion=2 [32m200[0m 22.329 ms - 1009[0m
[0mGET /api/sync/0d369b80-3116-4c82-a312-07175931dd51/devices [32m200[0m 7.400 ms - 1229[0m
[0mGET /api/openapi.json [32m200[0m 15.401 ms - 141785[0m
