PZS005_RUN_ID=RUN-1788272011642-3335270
◇ injected env (0) from .env // tip: ⌘ multiple files { path: ['.env.local', '.env'] }
◇ injected env (0) from .env // tip: ⌘ suppress logs { quiet: true }
◇ injected env (0) from .env // tip: ◈ secrets for agents [www.dotenvx.com]
◇ injected env (0) from .env // tip: ⌘ override existing { override: true }
[08:13:48.732] [32mINFO[39m (3337857): [36mAPI Mounted[39m
    [35mpath[39m: "/api"
[08:13:48.740] [32mINFO[39m (3337857): [36mRealtime runtime ready[39m
    [35mpath[39m: "/socket.io"
[08:13:48.734] [32mINFO[39m (3337857): [36mApp Mounted[39m
    [35mpath[39m: "/app"
[08:13:48.735] [32mINFO[39m (3337857): [36mSite Mounted[39m
    [35mpath[39m: "/"
[08:13:48.742] [32mINFO[39m (3337857): [36mGateway server ready[39m
    [35mhost[39m: "localhost"
    [35mport[39m: 8080
◇ injected env (0) from .env // tip: ◈ encrypted .env [www.dotenvx.com]
[08:13:48.980] [32mINFO[39m (3337909): [36mWorker runtime ready[39m
[0mPOST /api/test/auth/session [32m200[0m 44.363 ms - 109[0m
[0mPOST /api/projects [32m201[0m 8.780 ms - 370[0m
[0mPOST /api/sync/1a534554-0bdc-4a5b-be6a-9544502a6e67/devices [32m200[0m 34.431 ms - 326[0m
[0mPOST /api/sync/1a534554-0bdc-4a5b-be6a-9544502a6e67/devices/device-760d0c6c-64c2-457f-b0c1-ba6f171a9f1a/approval [32m200[0m 19.103 ms - 173[0m
[0mPOST /api/sync/1a534554-0bdc-4a5b-be6a-9544502a6e67/devices/device-760d0c6c-64c2-457f-b0c1-ba6f171a9f1a/enroll [32m200[0m 55.110 ms - 758[0m
[0mPOST /api/sync/1a534554-0bdc-4a5b-be6a-9544502a6e67/devices [32m200[0m 8.362 ms - 328[0m
[0mPOST /api/sync/1a534554-0bdc-4a5b-be6a-9544502a6e67/devices/device-423d894c-0429-4f22-a32b-7aea7f640a42/enroll [32m200[0m 30.711 ms - 734[0m
[0mPOST /api/test/auth/session [32m200[0m 22.262 ms - 109[0m
[0mPOST /api/projects [32m201[0m 13.856 ms - 370[0m
[0mPOST /api/sync/58b10f7c-bc80-4143-bbbf-af1198ee3594/devices [32m200[0m 30.180 ms - 326[0m
[0mPOST /api/sync/58b10f7c-bc80-4143-bbbf-af1198ee3594/devices/device-3576a04c-56a1-4ab8-9982-cf390cf916d4/approval [32m200[0m 26.823 ms - 173[0m
[0mPOST /api/sync/58b10f7c-bc80-4143-bbbf-af1198ee3594/devices/device-3576a04c-56a1-4ab8-9982-cf390cf916d4/enroll [32m200[0m 63.540 ms - 758[0m
[0mPOST /api/sync/58b10f7c-bc80-4143-bbbf-af1198ee3594/devices [32m200[0m 19.673 ms - 328[0m
[0mPOST /api/sync/58b10f7c-bc80-4143-bbbf-af1198ee3594/devices/device-59ebeaf7-9a07-4d08-ac5a-ad1659df5829/enroll [32m200[0m 53.550 ms - 734[0m
[0mPOST /api/sync/1a534554-0bdc-4a5b-be6a-9544502a6e67/envelopes [32m201[0m 63.799 ms - 546[0m
[0mPOST /api/sync/1a534554-0bdc-4a5b-be6a-9544502a6e67/envelopes [32m200[0m 9.263 ms - 545[0m
[ error ] API request failed { code: [32m'opaque_envelope_rejected'[39m, statusCode: [33m409[39m }
[0mPOST /api/sync/1a534554-0bdc-4a5b-be6a-9544502a6e67/envelopes [33m409[0m 8.563 ms - 84[0m
[0mGET /api/sync/1a534554-0bdc-4a5b-be6a-9544502a6e67/envelopes?deviceId=device-423d894c-0429-4f22-a32b-7aea7f640a42&enrollmentVersion=2 [32m200[0m 16.297 ms - 546[0m
[0mPOST /api/projects [32m201[0m 6.947 ms - 388[0m
[ error ] API request failed { code: [32m'device_lifecycle_rejected'[39m, statusCode: [33m409[39m }
[0mGET /api/sync/f430ccf6-0eeb-4c26-bc67-ed2dd0134096/envelopes?deviceId=device-423d894c-0429-4f22-a32b-7aea7f640a42&enrollmentVersion=2 [33m409[0m 6.806 ms - 90[0m
[ error ] API request failed { code: [32m'workspace_not_found'[39m, statusCode: [33m404[39m }
[0mGET /api/sync/58b10f7c-bc80-4143-bbbf-af1198ee3594/envelopes?deviceId=device-423d894c-0429-4f22-a32b-7aea7f640a42&enrollmentVersion=2 [33m404[0m 4.791 ms - 76[0m
[0mPOST /api/sync/1a534554-0bdc-4a5b-be6a-9544502a6e67/devices [32m200[0m 12.457 ms - 310[0m
[0mPOST /api/sync/1a534554-0bdc-4a5b-be6a-9544502a6e67/devices/device-98a3e429-0e22-4d51-85d6-2fc8566265b7/revoke [32m200[0m 17.281 ms - 114[0m
[ error ] API request failed { code: [32m'device_lifecycle_rejected'[39m, statusCode: [33m409[39m }
[0mGET /api/sync/1a534554-0bdc-4a5b-be6a-9544502a6e67/envelopes?deviceId=device-98a3e429-0e22-4d51-85d6-2fc8566265b7&enrollmentVersion=1 [33m409[0m 10.275 ms - 90[0m
[0mPOST /api/sync/1a534554-0bdc-4a5b-be6a-9544502a6e67/devices [32m200[0m 15.703 ms - 316[0m
[ error ] API request failed { code: [32m'device_lifecycle_rejected'[39m, statusCode: [33m409[39m }
[0mGET /api/sync/1a534554-0bdc-4a5b-be6a-9544502a6e67/envelopes?deviceId=device-673a1a98-9623-46a5-9d48-5cd4affe0091&enrollmentVersion=1 [33m409[0m 13.308 ms - 90[0m
[ error ] API request failed { code: [32m'invalid_request'[39m, statusCode: [33m400[39m }
[0mPOST /api/sync/1a534554-0bdc-4a5b-be6a-9544502a6e67/envelopes [33m400[0m 6.414 ms - 236[0m
[ error ] API request failed { code: [32m'invalid_request'[39m, statusCode: [33m400[39m }
[0mPOST /api/sync/1a534554-0bdc-4a5b-be6a-9544502a6e67/envelopes [33m400[0m 2.257 ms - 267[0m
[ error ] API request failed { code: [32m'invalid_request'[39m, statusCode: [33m400[39m }
[0mPOST /api/sync/1a534554-0bdc-4a5b-be6a-9544502a6e67/envelopes [33m400[0m 1.854 ms - 177[0m
[ error ] API request failed { code: [32m'opaque_envelope_rejected'[39m, statusCode: [33m409[39m }
[0mPOST /api/sync/1a534554-0bdc-4a5b-be6a-9544502a6e67/envelopes [33m409[0m 29.364 ms - 84[0m
[ error ] API request failed { code: [32m'opaque_envelope_rejected'[39m, statusCode: [33m409[39m }
[0mPOST /api/sync/1a534554-0bdc-4a5b-be6a-9544502a6e67/envelopes [33m409[0m 33.345 ms - 84[0m
[0mPOST /api/sync/1a534554-0bdc-4a5b-be6a-9544502a6e67/envelopes [32m201[0m 53.794 ms - 530[0m
[ error ] API request failed { code: [32m'opaque_envelope_rejected'[39m, statusCode: [33m409[39m }
[0mPOST /api/sync/1a534554-0bdc-4a5b-be6a-9544502a6e67/envelopes [33m409[0m 22.845 ms - 84[0m
[0mPOST /api/sync/1a534554-0bdc-4a5b-be6a-9544502a6e67/checkpoints [32m201[0m 50.576 ms - 571[0m
[ error ] API request failed { code: [32m'checkpoint_rejected'[39m, statusCode: [33m409[39m }
[0mPOST /api/sync/1a534554-0bdc-4a5b-be6a-9544502a6e67/checkpoints [33m409[0m 28.054 ms - 71[0m
[0mGET /api/sync/1a534554-0bdc-4a5b-be6a-9544502a6e67/recovery?checkpointId=checkpoint-1&deviceId=device-423d894c-0429-4f22-a32b-7aea7f640a42&enrollmentVersion=2&afterCursor=0&limit=10 [32m200[0m 20.866 ms - 1080[0m
[ error ] API request failed { code: [32m'recovery_chain_unavailable'[39m, statusCode: [33m409[39m }
[0mGET /api/sync/1a534554-0bdc-4a5b-be6a-9544502a6e67/recovery?checkpointId=missing&deviceId=device-423d894c-0429-4f22-a32b-7aea7f640a42&enrollmentVersion=2 [33m409[0m 15.780 ms - 92[0m
[ error ] API request failed { code: [32m'cursor_recovery_required'[39m, statusCode: [33m409[39m }
[0mGET /api/sync/1a534554-0bdc-4a5b-be6a-9544502a6e67/envelopes?afterCursor=0&deviceId=device-423d894c-0429-4f22-a32b-7aea7f640a42&enrollmentVersion=2 [33m409[0m 14.314 ms - 96[0m
[0mPOST /api/sync/1a534554-0bdc-4a5b-be6a-9544502a6e67/envelopes [32m201[0m 41.412 ms - 536[0m
[ error ] API request failed { code: [32m'opaque_envelope_rejected'[39m, statusCode: [33m409[39m }
[0mPOST /api/sync/1a534554-0bdc-4a5b-be6a-9544502a6e67/envelopes [33m409[0m 38.746 ms - 84[0m
[0mGET /api/sync/1a534554-0bdc-4a5b-be6a-9544502a6e67/envelopes?afterCursor=1&deviceId=device-423d894c-0429-4f22-a32b-7aea7f640a42&enrollmentVersion=2 [32m200[0m 7.713 ms - 1009[0m
[0mGET /api/sync/1a534554-0bdc-4a5b-be6a-9544502a6e67/devices [32m200[0m 2.063 ms - 1229[0m
[0mGET /api/openapi.json [32m200[0m 13.377 ms - 131286[0m
