PZS005_RUN_ID=RUN-1788271475034-3294617
◇ injected env (0) from .env // tip: ◈ secrets for agents [www.dotenvx.com]
◇ injected env (0) from .env // tip: ⌘ enable debugging { debug: true }
◇ injected env (0) from .env // tip: ◈ encrypted .env [www.dotenvx.com]
◇ injected env (0) from .env // tip: ⌘ multiple files { path: ['.env.local', '.env'] }
[08:04:52.090] [32mINFO[39m (3297193): [36mAPI Mounted[39m
    [35mpath[39m: "/api"
[08:04:52.098] [32mINFO[39m (3297193): [36mRealtime runtime ready[39m
    [35mpath[39m: "/socket.io"
[08:04:52.092] [32mINFO[39m (3297193): [36mApp Mounted[39m
    [35mpath[39m: "/app"
[08:04:52.092] [32mINFO[39m (3297193): [36mSite Mounted[39m
    [35mpath[39m: "/"
[08:04:52.100] [32mINFO[39m (3297193): [36mGateway server ready[39m
    [35mhost[39m: "localhost"
    [35mport[39m: 8080
◇ injected env (0) from .env // tip: ⌘ custom filepath { path: '/custom/path/.env' }
[08:04:52.348] [32mINFO[39m (3297266): [36mWorker runtime ready[39m
[0mPOST /api/test/auth/session [32m200[0m 39.249 ms - 109[0m
[0mPOST /api/projects [32m201[0m 6.699 ms - 370[0m
[0mPOST /api/sync/36da7175-e3eb-4d34-a7b7-cd537ffb1cda/devices [32m200[0m 10.831 ms - 326[0m
[0mPOST /api/sync/36da7175-e3eb-4d34-a7b7-cd537ffb1cda/devices/device-b02f40a7-0b43-41b1-b270-a9c055739e62/approval [32m200[0m 13.121 ms - 173[0m
[0mPOST /api/sync/36da7175-e3eb-4d34-a7b7-cd537ffb1cda/devices/device-b02f40a7-0b43-41b1-b270-a9c055739e62/enroll [32m200[0m 52.580 ms - 758[0m
[0mPOST /api/sync/36da7175-e3eb-4d34-a7b7-cd537ffb1cda/devices [32m200[0m 8.661 ms - 328[0m
[0mPOST /api/sync/36da7175-e3eb-4d34-a7b7-cd537ffb1cda/devices/device-ff69e077-141c-4f62-93c6-03fe15120fff/enroll [32m200[0m 36.593 ms - 734[0m
[0mPOST /api/test/auth/session [32m200[0m 40.867 ms - 109[0m
[0mPOST /api/projects [32m201[0m 19.252 ms - 370[0m
[0mPOST /api/sync/8bc5e6f0-3e1b-4c59-b379-ffc0d961dcf2/devices [32m200[0m 26.381 ms - 326[0m
[0mPOST /api/sync/8bc5e6f0-3e1b-4c59-b379-ffc0d961dcf2/devices/device-1345ecbb-5326-46c2-8850-8d9122f3edf9/approval [32m200[0m 26.772 ms - 173[0m
[0mPOST /api/sync/8bc5e6f0-3e1b-4c59-b379-ffc0d961dcf2/devices/device-1345ecbb-5326-46c2-8850-8d9122f3edf9/enroll [32m200[0m 70.739 ms - 758[0m
[0mPOST /api/sync/8bc5e6f0-3e1b-4c59-b379-ffc0d961dcf2/devices [32m200[0m 24.563 ms - 328[0m
[0mPOST /api/sync/8bc5e6f0-3e1b-4c59-b379-ffc0d961dcf2/devices/device-6bbc5a4a-fadf-4e69-98f9-add227313e21/enroll [32m200[0m 48.147 ms - 734[0m
[0mPOST /api/sync/36da7175-e3eb-4d34-a7b7-cd537ffb1cda/envelopes [32m201[0m 64.301 ms - 546[0m
[0mPOST /api/sync/36da7175-e3eb-4d34-a7b7-cd537ffb1cda/envelopes [32m200[0m 37.927 ms - 545[0m
[ error ] API request failed { code: [32m'opaque_envelope_rejected'[39m, statusCode: [33m409[39m }
[0mPOST /api/sync/36da7175-e3eb-4d34-a7b7-cd537ffb1cda/envelopes [33m409[0m 15.818 ms - 84[0m
[0mGET /api/sync/36da7175-e3eb-4d34-a7b7-cd537ffb1cda/envelopes?deviceId=device-ff69e077-141c-4f62-93c6-03fe15120fff&enrollmentVersion=2 [32m200[0m 12.935 ms - 546[0m
[0mPOST /api/projects [32m201[0m 8.763 ms - 388[0m
[ error ] API request failed { code: [32m'device_lifecycle_rejected'[39m, statusCode: [33m409[39m }
[0mGET /api/sync/f8745331-28de-472e-bcd5-6dca89081ee9/envelopes?deviceId=device-ff69e077-141c-4f62-93c6-03fe15120fff&enrollmentVersion=2 [33m409[0m 10.188 ms - 90[0m
[ error ] API request failed { code: [32m'workspace_not_found'[39m, statusCode: [33m404[39m }
[0mGET /api/sync/8bc5e6f0-3e1b-4c59-b379-ffc0d961dcf2/envelopes?deviceId=device-ff69e077-141c-4f62-93c6-03fe15120fff&enrollmentVersion=2 [33m404[0m 5.243 ms - 76[0m
[0mPOST /api/sync/36da7175-e3eb-4d34-a7b7-cd537ffb1cda/devices [32m200[0m 12.677 ms - 310[0m
[0mPOST /api/sync/36da7175-e3eb-4d34-a7b7-cd537ffb1cda/devices/device-a26ba74f-355e-4426-820b-f544352a959e/revoke [32m200[0m 18.236 ms - 114[0m
[ error ] API request failed { code: [32m'device_lifecycle_rejected'[39m, statusCode: [33m409[39m }
[0mGET /api/sync/36da7175-e3eb-4d34-a7b7-cd537ffb1cda/envelopes?deviceId=device-a26ba74f-355e-4426-820b-f544352a959e&enrollmentVersion=1 [33m409[0m 15.173 ms - 90[0m
[0mPOST /api/sync/36da7175-e3eb-4d34-a7b7-cd537ffb1cda/devices [32m200[0m 18.809 ms - 316[0m
[ error ] API request failed { code: [32m'device_lifecycle_rejected'[39m, statusCode: [33m409[39m }
[0mGET /api/sync/36da7175-e3eb-4d34-a7b7-cd537ffb1cda/envelopes?deviceId=device-a58ed560-6dcb-4992-ad4e-5f553c8593b9&enrollmentVersion=1 [33m409[0m 15.570 ms - 90[0m
[ error ] API request failed { code: [32m'invalid_request'[39m, statusCode: [33m400[39m }
[0mPOST /api/sync/36da7175-e3eb-4d34-a7b7-cd537ffb1cda/envelopes [33m400[0m 5.562 ms - 236[0m
[ error ] API request failed { code: [32m'invalid_request'[39m, statusCode: [33m400[39m }
[0mPOST /api/sync/36da7175-e3eb-4d34-a7b7-cd537ffb1cda/envelopes [33m400[0m 1.759 ms - 267[0m
[ error ] API request failed { code: [32m'invalid_request'[39m, statusCode: [33m400[39m }
[0mPOST /api/sync/36da7175-e3eb-4d34-a7b7-cd537ffb1cda/envelopes [33m400[0m 1.096 ms - 177[0m
[ error ] API request failed { code: [32m'opaque_envelope_rejected'[39m, statusCode: [33m409[39m }
[0mPOST /api/sync/36da7175-e3eb-4d34-a7b7-cd537ffb1cda/envelopes [33m409[0m 12.197 ms - 84[0m
[ error ] API request failed { code: [32m'opaque_envelope_rejected'[39m, statusCode: [33m409[39m }
[0mPOST /api/sync/36da7175-e3eb-4d34-a7b7-cd537ffb1cda/envelopes [33m409[0m 30.487 ms - 84[0m
[0mPOST /api/sync/36da7175-e3eb-4d34-a7b7-cd537ffb1cda/envelopes [32m201[0m 50.868 ms - 530[0m
[ error ] API request failed { code: [32m'opaque_envelope_rejected'[39m, statusCode: [33m409[39m }
[0mPOST /api/sync/36da7175-e3eb-4d34-a7b7-cd537ffb1cda/envelopes [33m409[0m 10.366 ms - 84[0m
[0mPOST /api/sync/36da7175-e3eb-4d34-a7b7-cd537ffb1cda/checkpoints [32m201[0m 44.141 ms - 571[0m
[ error ] API request failed { code: [32m'checkpoint_rejected'[39m, statusCode: [33m409[39m }
[0mPOST /api/sync/36da7175-e3eb-4d34-a7b7-cd537ffb1cda/checkpoints [33m409[0m 36.380 ms - 71[0m
[0mGET /api/sync/36da7175-e3eb-4d34-a7b7-cd537ffb1cda/recovery?checkpointId=checkpoint-1&deviceId=device-ff69e077-141c-4f62-93c6-03fe15120fff&enrollmentVersion=2&afterCursor=0&limit=10 [32m200[0m 22.627 ms - 1080[0m
[ error ] API request failed { code: [32m'recovery_chain_unavailable'[39m, statusCode: [33m409[39m }
[0mGET /api/sync/36da7175-e3eb-4d34-a7b7-cd537ffb1cda/recovery?checkpointId=missing&deviceId=device-ff69e077-141c-4f62-93c6-03fe15120fff&enrollmentVersion=2 [33m409[0m 29.958 ms - 92[0m
[ error ] API request failed { code: [32m'cursor_recovery_required'[39m, statusCode: [33m409[39m }
[0mGET /api/sync/36da7175-e3eb-4d34-a7b7-cd537ffb1cda/envelopes?afterCursor=0&deviceId=device-ff69e077-141c-4f62-93c6-03fe15120fff&enrollmentVersion=2 [33m409[0m 25.662 ms - 96[0m
[0mPOST /api/sync/36da7175-e3eb-4d34-a7b7-cd537ffb1cda/envelopes [32m201[0m 23.622 ms - 536[0m
[ error ] API request failed { code: [32m'opaque_envelope_rejected'[39m, statusCode: [33m409[39m }
[0mPOST /api/sync/36da7175-e3eb-4d34-a7b7-cd537ffb1cda/envelopes [33m409[0m 13.526 ms - 84[0m
[0mGET /api/sync/36da7175-e3eb-4d34-a7b7-cd537ffb1cda/envelopes?afterCursor=1&deviceId=device-ff69e077-141c-4f62-93c6-03fe15120fff&enrollmentVersion=2 [32m200[0m 20.938 ms - 1009[0m
[0mGET /api/sync/36da7175-e3eb-4d34-a7b7-cd537ffb1cda/devices [32m200[0m 12.031 ms - 1229[0m
[0mGET /api/openapi.json [32m200[0m 13.959 ms - 131286[0m
