PZS005_RUN_ID=RUN-1788226148710-1326244
◇ injected env (0) from .env // tip: ⌁ auth for agents [www.vestauth.com]
◇ injected env (0) from .env // tip: ◈ encrypted .env [www.dotenvx.com]
◇ injected env (0) from .env // tip: ⌘ override existing { override: true }
◇ injected env (0) from .env // tip: ⌁ auth for agents [www.vestauth.com]
[19:29:25.655] [32mINFO[39m (1328944): [36mAPI Mounted[39m
    [35mpath[39m: "/api"
[19:29:25.664] [32mINFO[39m (1328944): [36mRealtime runtime ready[39m
    [35mpath[39m: "/socket.io"
[19:29:25.658] [32mINFO[39m (1328944): [36mApp Mounted[39m
    [35mpath[39m: "/app"
[19:29:25.658] [32mINFO[39m (1328944): [36mSite Mounted[39m
    [35mpath[39m: "/"
[19:29:25.665] [32mINFO[39m (1328944): [36mGateway server ready[39m
    [35mhost[39m: "localhost"
    [35mport[39m: 8080
◇ injected env (0) from .env // tip: ◈ encrypted .env [www.dotenvx.com]
[19:29:25.900] [32mINFO[39m (1328988): [36mWorker runtime ready[39m
[0mPOST /api/test/auth/session [32m200[0m 28.562 ms - 109[0m
[0mPOST /api/projects [32m201[0m 9.300 ms - 370[0m
[0mPOST /api/sync/14394801-197b-4633-bfa9-b9d7a0d50f06/devices [32m200[0m 20.160 ms - 326[0m
[0mPOST /api/sync/14394801-197b-4633-bfa9-b9d7a0d50f06/devices/device-4023d15e-8b74-496f-a7f5-f0f42541e5d8/approval [32m200[0m 13.834 ms - 173[0m
[0mPOST /api/sync/14394801-197b-4633-bfa9-b9d7a0d50f06/devices/device-4023d15e-8b74-496f-a7f5-f0f42541e5d8/enroll [32m200[0m 49.037 ms - 758[0m
[0mPOST /api/sync/14394801-197b-4633-bfa9-b9d7a0d50f06/devices [32m200[0m 10.875 ms - 328[0m
[0mPOST /api/sync/14394801-197b-4633-bfa9-b9d7a0d50f06/devices/device-c81f9b53-e185-4064-85b4-df420008dd4d/enroll [32m200[0m 31.088 ms - 734[0m
[0mPOST /api/test/auth/session [32m200[0m 42.633 ms - 109[0m
[0mPOST /api/projects [32m201[0m 20.433 ms - 370[0m
[0mPOST /api/sync/5e29264b-2451-430f-96f0-0d12615c2d16/devices [32m200[0m 22.659 ms - 326[0m
[0mPOST /api/sync/5e29264b-2451-430f-96f0-0d12615c2d16/devices/device-cce00d5d-852e-441f-9769-006b5399de43/approval [32m200[0m 18.919 ms - 173[0m
[0mPOST /api/sync/5e29264b-2451-430f-96f0-0d12615c2d16/devices/device-cce00d5d-852e-441f-9769-006b5399de43/enroll [32m200[0m 46.107 ms - 758[0m
[0mPOST /api/sync/5e29264b-2451-430f-96f0-0d12615c2d16/devices [32m200[0m 19.338 ms - 328[0m
[0mPOST /api/sync/5e29264b-2451-430f-96f0-0d12615c2d16/devices/device-277c84d0-a167-4d45-b166-904ff93b8ff9/enroll [32m200[0m 59.648 ms - 734[0m
[0mPOST /api/sync/14394801-197b-4633-bfa9-b9d7a0d50f06/envelopes [32m201[0m 32.265 ms - 546[0m
[0mPOST /api/sync/14394801-197b-4633-bfa9-b9d7a0d50f06/envelopes [32m200[0m 18.763 ms - 545[0m
[ error ] API request failed { code: [32m'opaque_envelope_rejected'[39m, statusCode: [33m409[39m }
[0mPOST /api/sync/14394801-197b-4633-bfa9-b9d7a0d50f06/envelopes [33m409[0m 20.185 ms - 84[0m
[0mGET /api/sync/14394801-197b-4633-bfa9-b9d7a0d50f06/envelopes?deviceId=device-c81f9b53-e185-4064-85b4-df420008dd4d&enrollmentVersion=2 [32m200[0m 17.371 ms - 546[0m
[0mPOST /api/projects [32m201[0m 7.302 ms - 388[0m
[ error ] API request failed { code: [32m'device_lifecycle_rejected'[39m, statusCode: [33m409[39m }
[0mGET /api/sync/a381e1a4-d86a-479d-92dd-1026d00fa25e/envelopes?deviceId=device-c81f9b53-e185-4064-85b4-df420008dd4d&enrollmentVersion=2 [33m409[0m 6.106 ms - 90[0m
[ error ] API request failed { code: [32m'workspace_not_found'[39m, statusCode: [33m404[39m }
[0mGET /api/sync/5e29264b-2451-430f-96f0-0d12615c2d16/envelopes?deviceId=device-c81f9b53-e185-4064-85b4-df420008dd4d&enrollmentVersion=2 [33m404[0m 5.038 ms - 76[0m
[0mPOST /api/sync/14394801-197b-4633-bfa9-b9d7a0d50f06/devices [32m200[0m 20.148 ms - 310[0m
[0mPOST /api/sync/14394801-197b-4633-bfa9-b9d7a0d50f06/devices/device-cbfedb3d-22a3-4532-a74d-1728d733f5ef/revoke [32m200[0m 30.536 ms - 114[0m
[ error ] API request failed { code: [32m'device_lifecycle_rejected'[39m, statusCode: [33m409[39m }
[0mGET /api/sync/14394801-197b-4633-bfa9-b9d7a0d50f06/envelopes?deviceId=device-cbfedb3d-22a3-4532-a74d-1728d733f5ef&enrollmentVersion=1 [33m409[0m 16.296 ms - 90[0m
[0mPOST /api/sync/14394801-197b-4633-bfa9-b9d7a0d50f06/devices [32m200[0m 13.656 ms - 316[0m
[ error ] API request failed { code: [32m'device_lifecycle_rejected'[39m, statusCode: [33m409[39m }
[0mGET /api/sync/14394801-197b-4633-bfa9-b9d7a0d50f06/envelopes?deviceId=device-4f5021b8-9eb6-42a9-bf8a-6753d0a49060&enrollmentVersion=1 [33m409[0m 15.985 ms - 90[0m
[ error ] API request failed { code: [32m'invalid_request'[39m, statusCode: [33m400[39m }
[0mPOST /api/sync/14394801-197b-4633-bfa9-b9d7a0d50f06/envelopes [33m400[0m 5.261 ms - 236[0m
[ error ] API request failed { code: [32m'invalid_request'[39m, statusCode: [33m400[39m }
[0mPOST /api/sync/14394801-197b-4633-bfa9-b9d7a0d50f06/envelopes [33m400[0m 0.744 ms - 267[0m
[ error ] API request failed { code: [32m'invalid_request'[39m, statusCode: [33m400[39m }
[0mPOST /api/sync/14394801-197b-4633-bfa9-b9d7a0d50f06/envelopes [33m400[0m 0.753 ms - 177[0m
[ error ] API request failed { code: [32m'opaque_envelope_rejected'[39m, statusCode: [33m409[39m }
[0mPOST /api/sync/14394801-197b-4633-bfa9-b9d7a0d50f06/envelopes [33m409[0m 8.636 ms - 84[0m
[ error ] API request failed { code: [32m'opaque_envelope_rejected'[39m, statusCode: [33m409[39m }
[0mPOST /api/sync/14394801-197b-4633-bfa9-b9d7a0d50f06/envelopes [33m409[0m 8.116 ms - 84[0m
[0mPOST /api/sync/14394801-197b-4633-bfa9-b9d7a0d50f06/envelopes [32m201[0m 22.762 ms - 530[0m
[ error ] API request failed { code: [32m'opaque_envelope_rejected'[39m, statusCode: [33m409[39m }
[0mPOST /api/sync/14394801-197b-4633-bfa9-b9d7a0d50f06/envelopes [33m409[0m 11.563 ms - 84[0m
[0mPOST /api/sync/14394801-197b-4633-bfa9-b9d7a0d50f06/checkpoints [32m201[0m 35.216 ms - 571[0m
[ error ] API request failed { code: [32m'checkpoint_rejected'[39m, statusCode: [33m409[39m }
[0mPOST /api/sync/14394801-197b-4633-bfa9-b9d7a0d50f06/checkpoints [33m409[0m 35.636 ms - 71[0m
[0mGET /api/sync/14394801-197b-4633-bfa9-b9d7a0d50f06/recovery?checkpointId=checkpoint-1&deviceId=device-c81f9b53-e185-4064-85b4-df420008dd4d&enrollmentVersion=2&afterCursor=0&limit=10 [32m200[0m 23.949 ms - 1080[0m
[ error ] API request failed { code: [32m'recovery_chain_unavailable'[39m, statusCode: [33m409[39m }
[0mGET /api/sync/14394801-197b-4633-bfa9-b9d7a0d50f06/recovery?checkpointId=missing&deviceId=device-c81f9b53-e185-4064-85b4-df420008dd4d&enrollmentVersion=2 [33m409[0m 8.723 ms - 92[0m
[ error ] API request failed { code: [32m'cursor_recovery_required'[39m, statusCode: [33m409[39m }
[0mGET /api/sync/14394801-197b-4633-bfa9-b9d7a0d50f06/envelopes?afterCursor=0&deviceId=device-c81f9b53-e185-4064-85b4-df420008dd4d&enrollmentVersion=2 [33m409[0m 15.938 ms - 96[0m
[0mPOST /api/sync/14394801-197b-4633-bfa9-b9d7a0d50f06/envelopes [32m201[0m 44.413 ms - 536[0m
[ error ] API request failed { code: [32m'opaque_envelope_rejected'[39m, statusCode: [33m409[39m }
[0mPOST /api/sync/14394801-197b-4633-bfa9-b9d7a0d50f06/envelopes [33m409[0m 26.142 ms - 84[0m
[0mGET /api/sync/14394801-197b-4633-bfa9-b9d7a0d50f06/envelopes?afterCursor=1&deviceId=device-c81f9b53-e185-4064-85b4-df420008dd4d&enrollmentVersion=2 [32m200[0m 29.244 ms - 1009[0m
[0mGET /api/sync/14394801-197b-4633-bfa9-b9d7a0d50f06/devices [32m200[0m 5.135 ms - 1229[0m
[0mGET /api/openapi.json [32m200[0m 7.257 ms - 131286[0m
