PZS005_RUN_ID=RUN-1788271963852-3330520
◇ injected env (0) from .env // tip: ⌘ override existing { override: true }
◇ injected env (0) from .env // tip: ⌘ enable debugging { debug: true }
◇ injected env (0) from .env // tip: ⌘ override existing { override: true }
◇ injected env (0) from .env // tip: ◈ encrypted .env [www.dotenvx.com]
[08:13:00.692] [32mINFO[39m (3333055): [36mAPI Mounted[39m
    [35mpath[39m: "/api"
[08:13:00.700] [32mINFO[39m (3333055): [36mRealtime runtime ready[39m
    [35mpath[39m: "/socket.io"
[08:13:00.694] [32mINFO[39m (3333055): [36mApp Mounted[39m
    [35mpath[39m: "/app"
[08:13:00.694] [32mINFO[39m (3333055): [36mSite Mounted[39m
    [35mpath[39m: "/"
[08:13:00.702] [32mINFO[39m (3333055): [36mGateway server ready[39m
    [35mhost[39m: "localhost"
    [35mport[39m: 8080
◇ injected env (0) from .env // tip: ⌘ override existing { override: true }
[08:13:00.935] [32mINFO[39m (3333099): [36mWorker runtime ready[39m
[0mPOST /api/test/auth/session [32m200[0m 32.245 ms - 109[0m
[0mPOST /api/projects [32m201[0m 11.015 ms - 370[0m
[0mPOST /api/sync/e08f243c-a970-4939-bcb0-cd4801a3d726/devices [32m200[0m 45.634 ms - 326[0m
[0mPOST /api/sync/e08f243c-a970-4939-bcb0-cd4801a3d726/devices/device-42546d4f-d4b8-4998-9ddd-93fe92aee8fe/approval [32m200[0m 43.874 ms - 173[0m
[0mPOST /api/sync/e08f243c-a970-4939-bcb0-cd4801a3d726/devices/device-42546d4f-d4b8-4998-9ddd-93fe92aee8fe/enroll [32m200[0m 72.490 ms - 758[0m
[0mPOST /api/sync/e08f243c-a970-4939-bcb0-cd4801a3d726/devices [32m200[0m 8.639 ms - 328[0m
[0mPOST /api/sync/e08f243c-a970-4939-bcb0-cd4801a3d726/devices/device-b87fbc84-f704-4e45-977a-4ac985f370a8/enroll [32m200[0m 23.733 ms - 734[0m
[0mPOST /api/test/auth/session [32m200[0m 24.256 ms - 109[0m
[0mPOST /api/projects [32m201[0m 16.312 ms - 370[0m
[0mPOST /api/sync/8d4f78ae-9e29-4863-9a65-bdef48e38387/devices [32m200[0m 17.455 ms - 326[0m
[0mPOST /api/sync/8d4f78ae-9e29-4863-9a65-bdef48e38387/devices/device-ebd795cc-074b-4c20-b384-69c221f06338/approval [32m200[0m 22.817 ms - 173[0m
[0mPOST /api/sync/8d4f78ae-9e29-4863-9a65-bdef48e38387/devices/device-ebd795cc-074b-4c20-b384-69c221f06338/enroll [32m200[0m 47.903 ms - 758[0m
[0mPOST /api/sync/8d4f78ae-9e29-4863-9a65-bdef48e38387/devices [32m200[0m 16.781 ms - 328[0m
[0mPOST /api/sync/8d4f78ae-9e29-4863-9a65-bdef48e38387/devices/device-c07bc505-92d4-4e17-85f0-f9a348ee3e3b/enroll [32m200[0m 38.668 ms - 734[0m
[0mPOST /api/sync/e08f243c-a970-4939-bcb0-cd4801a3d726/envelopes [32m201[0m 41.611 ms - 546[0m
[0mPOST /api/sync/e08f243c-a970-4939-bcb0-cd4801a3d726/envelopes [32m200[0m 21.218 ms - 545[0m
[ error ] API request failed { code: [32m'opaque_envelope_rejected'[39m, statusCode: [33m409[39m }
[0mPOST /api/sync/e08f243c-a970-4939-bcb0-cd4801a3d726/envelopes [33m409[0m 20.509 ms - 84[0m
[0mGET /api/sync/e08f243c-a970-4939-bcb0-cd4801a3d726/envelopes?deviceId=device-b87fbc84-f704-4e45-977a-4ac985f370a8&enrollmentVersion=2 [32m200[0m 45.658 ms - 546[0m
[0mPOST /api/projects [32m201[0m 5.138 ms - 388[0m
[ error ] API request failed { code: [32m'device_lifecycle_rejected'[39m, statusCode: [33m409[39m }
[0mGET /api/sync/95669858-d36d-4881-8673-ce590ee863d5/envelopes?deviceId=device-b87fbc84-f704-4e45-977a-4ac985f370a8&enrollmentVersion=2 [33m409[0m 3.445 ms - 90[0m
[ error ] API request failed { code: [32m'workspace_not_found'[39m, statusCode: [33m404[39m }
[0mGET /api/sync/8d4f78ae-9e29-4863-9a65-bdef48e38387/envelopes?deviceId=device-b87fbc84-f704-4e45-977a-4ac985f370a8&enrollmentVersion=2 [33m404[0m 1.949 ms - 76[0m
[0mPOST /api/sync/e08f243c-a970-4939-bcb0-cd4801a3d726/devices [32m200[0m 15.298 ms - 310[0m
[0mPOST /api/sync/e08f243c-a970-4939-bcb0-cd4801a3d726/devices/device-de53db66-decc-4490-94ff-480ca26a77f3/revoke [32m200[0m 31.164 ms - 114[0m
[ error ] API request failed { code: [32m'device_lifecycle_rejected'[39m, statusCode: [33m409[39m }
[0mGET /api/sync/e08f243c-a970-4939-bcb0-cd4801a3d726/envelopes?deviceId=device-de53db66-decc-4490-94ff-480ca26a77f3&enrollmentVersion=1 [33m409[0m 12.523 ms - 90[0m
[0mPOST /api/sync/e08f243c-a970-4939-bcb0-cd4801a3d726/devices [32m200[0m 19.988 ms - 316[0m
[ error ] API request failed { code: [32m'device_lifecycle_rejected'[39m, statusCode: [33m409[39m }
[0mGET /api/sync/e08f243c-a970-4939-bcb0-cd4801a3d726/envelopes?deviceId=device-e24f8572-f581-422a-a2e0-b4d3ef567be5&enrollmentVersion=1 [33m409[0m 18.597 ms - 90[0m
[ error ] API request failed { code: [32m'invalid_request'[39m, statusCode: [33m400[39m }
[0mPOST /api/sync/e08f243c-a970-4939-bcb0-cd4801a3d726/envelopes [33m400[0m 5.746 ms - 236[0m
[ error ] API request failed { code: [32m'invalid_request'[39m, statusCode: [33m400[39m }
[0mPOST /api/sync/e08f243c-a970-4939-bcb0-cd4801a3d726/envelopes [33m400[0m 3.684 ms - 267[0m
[ error ] API request failed { code: [32m'invalid_request'[39m, statusCode: [33m400[39m }
[0mPOST /api/sync/e08f243c-a970-4939-bcb0-cd4801a3d726/envelopes [33m400[0m 2.748 ms - 177[0m
[ error ] API request failed { code: [32m'opaque_envelope_rejected'[39m, statusCode: [33m409[39m }
[0mPOST /api/sync/e08f243c-a970-4939-bcb0-cd4801a3d726/envelopes [33m409[0m 29.131 ms - 84[0m
[ error ] API request failed { code: [32m'opaque_envelope_rejected'[39m, statusCode: [33m409[39m }
[0mPOST /api/sync/e08f243c-a970-4939-bcb0-cd4801a3d726/envelopes [33m409[0m 23.902 ms - 84[0m
[0mPOST /api/sync/e08f243c-a970-4939-bcb0-cd4801a3d726/envelopes [32m201[0m 25.145 ms - 530[0m
[ error ] API request failed { code: [32m'opaque_envelope_rejected'[39m, statusCode: [33m409[39m }
[0mPOST /api/sync/e08f243c-a970-4939-bcb0-cd4801a3d726/envelopes [33m409[0m 28.951 ms - 84[0m
[0mPOST /api/sync/e08f243c-a970-4939-bcb0-cd4801a3d726/checkpoints [32m201[0m 53.953 ms - 571[0m
[ error ] API request failed { code: [32m'checkpoint_rejected'[39m, statusCode: [33m409[39m }
[0mPOST /api/sync/e08f243c-a970-4939-bcb0-cd4801a3d726/checkpoints [33m409[0m 14.712 ms - 71[0m
[0mGET /api/sync/e08f243c-a970-4939-bcb0-cd4801a3d726/recovery?checkpointId=checkpoint-1&deviceId=device-b87fbc84-f704-4e45-977a-4ac985f370a8&enrollmentVersion=2&afterCursor=0&limit=10 [32m200[0m 19.724 ms - 1080[0m
[ error ] API request failed { code: [32m'recovery_chain_unavailable'[39m, statusCode: [33m409[39m }
[0mGET /api/sync/e08f243c-a970-4939-bcb0-cd4801a3d726/recovery?checkpointId=missing&deviceId=device-b87fbc84-f704-4e45-977a-4ac985f370a8&enrollmentVersion=2 [33m409[0m 38.067 ms - 92[0m
[ error ] API request failed { code: [32m'cursor_recovery_required'[39m, statusCode: [33m409[39m }
[0mGET /api/sync/e08f243c-a970-4939-bcb0-cd4801a3d726/envelopes?afterCursor=0&deviceId=device-b87fbc84-f704-4e45-977a-4ac985f370a8&enrollmentVersion=2 [33m409[0m 10.448 ms - 96[0m
[0mPOST /api/sync/e08f243c-a970-4939-bcb0-cd4801a3d726/envelopes [32m201[0m 74.954 ms - 536[0m
[ error ] API request failed { code: [32m'opaque_envelope_rejected'[39m, statusCode: [33m409[39m }
[0mPOST /api/sync/e08f243c-a970-4939-bcb0-cd4801a3d726/envelopes [33m409[0m 13.774 ms - 84[0m
[0mGET /api/sync/e08f243c-a970-4939-bcb0-cd4801a3d726/envelopes?afterCursor=1&deviceId=device-b87fbc84-f704-4e45-977a-4ac985f370a8&enrollmentVersion=2 [32m200[0m 17.305 ms - 1009[0m
[0mGET /api/sync/e08f243c-a970-4939-bcb0-cd4801a3d726/devices [32m200[0m 4.264 ms - 1229[0m
[0mGET /api/openapi.json [32m200[0m 8.991 ms - 131286[0m
